Archive member included because of file (symbol)

/opt/altera/13.0sp1/nios2eds/bin/gnu/H-i686-pc-linux-gnu/bin/../lib/gcc/nios2-elf/4.1.2/mno-hw-mul/libgcc.a(lib2-divmod.o)
                              obj/default/src_1/cpu_1.o (__umodsi3)
/opt/altera/13.0sp1/nios2eds/bin/gnu/H-i686-pc-linux-gnu/bin/../lib/gcc/nios2-elf/4.1.2/mno-hw-mul/libgcc.a(lib2-mul.o)
                              obj/default/src_1/cpu_1.o (__mulsi3)
../../bsp/mpsoc_hello_mpsoc_1//libhal_bsp.a(alt_load.o)
                              ../../bsp/mpsoc_hello_mpsoc_1//obj/HAL/src/crt0.o (alt_load)
../../bsp/mpsoc_hello_mpsoc_1//libhal_bsp.a(alt_main.o)
                              ../../bsp/mpsoc_hello_mpsoc_1//obj/HAL/src/crt0.o (alt_main)
../../bsp/mpsoc_hello_mpsoc_1//libhal_bsp.a(alt_sys_init.o)
                              ../../bsp/mpsoc_hello_mpsoc_1//libhal_bsp.a(alt_main.o) (alt_irq_init)
../../bsp/mpsoc_hello_mpsoc_1//libhal_bsp.a(altera_avalon_mutex.o)
                              obj/default/src_1/cpu_1.o (altera_avalon_mutex_unlock)
../../bsp/mpsoc_hello_mpsoc_1//libhal_bsp.a(alt_dcache_flush_all.o)
                              ../../bsp/mpsoc_hello_mpsoc_1//libhal_bsp.a(alt_load.o) (alt_dcache_flush_all)
../../bsp/mpsoc_hello_mpsoc_1//libhal_bsp.a(alt_dev_llist_insert.o)
                              ../../bsp/mpsoc_hello_mpsoc_1//libhal_bsp.a(alt_sys_init.o) (alt_dev_llist_insert)
../../bsp/mpsoc_hello_mpsoc_1//libhal_bsp.a(alt_errno.o)
                              ../../bsp/mpsoc_hello_mpsoc_1//libhal_bsp.a(altera_avalon_mutex.o) (alt_errno)
../../bsp/mpsoc_hello_mpsoc_1//libhal_bsp.a(alt_find_dev.o)
                              ../../bsp/mpsoc_hello_mpsoc_1//libhal_bsp.a(altera_avalon_mutex.o) (alt_find_dev)
../../bsp/mpsoc_hello_mpsoc_1//libhal_bsp.a(alt_icache_flush_all.o)
                              ../../bsp/mpsoc_hello_mpsoc_1//libhal_bsp.a(alt_load.o) (alt_icache_flush_all)
../../bsp/mpsoc_hello_mpsoc_1//libhal_bsp.a(altera_nios2_qsys_irq.o)
                              ../../bsp/mpsoc_hello_mpsoc_1//libhal_bsp.a(alt_sys_init.o) (altera_nios2_qsys_irq_init)
/opt/altera/13.0sp1/nios2eds/bin/gnu/H-i686-pc-linux-gnu/bin/../lib/gcc/nios2-elf/4.1.2/../../../../nios2-elf/lib/mno-hw-mul/libsmallc.a(lib_a-int_errno.o)
                              ../../bsp/mpsoc_hello_mpsoc_1//libhal_bsp.a(altera_avalon_mutex.o) (errno)
/opt/altera/13.0sp1/nios2eds/bin/gnu/H-i686-pc-linux-gnu/bin/../lib/gcc/nios2-elf/4.1.2/../../../../nios2-elf/lib/mno-hw-mul/libsmallc.a(lib_a-memcmp.o)
                              ../../bsp/mpsoc_hello_mpsoc_1//libhal_bsp.a(alt_find_dev.o) (memcmp)
/opt/altera/13.0sp1/nios2eds/bin/gnu/H-i686-pc-linux-gnu/bin/../lib/gcc/nios2-elf/4.1.2/../../../../nios2-elf/lib/mno-hw-mul/libsmallc.a(lib_a-strlen.o)
                              ../../bsp/mpsoc_hello_mpsoc_1//libhal_bsp.a(alt_find_dev.o) (strlen)

Allocating common symbols
Common symbol       size              file

errno               0x4               /opt/altera/13.0sp1/nios2eds/bin/gnu/H-i686-pc-linux-gnu/bin/../lib/gcc/nios2-elf/4.1.2/../../../../nios2-elf/lib/mno-hw-mul/libsmallc.a(lib_a-int_errno.o)

Memory Configuration

Name             Origin             Length             Attributes
reset            0x00002000         0x00000020
onchip_1         0x00002020         0x00001fe0
shared_onchip    0x00102000         0x00002000
*default*        0x00000000         0xffffffff

Linker script and memory map

LOAD ../../bsp/mpsoc_hello_mpsoc_1//obj/HAL/src/crt0.o
                0x0000200c                exit = _exit
LOAD obj/default/src_1/cpu_1.o
LOAD obj/default/src_1/delay_asm.o
LOAD /opt/altera/13.0sp1/nios2eds/bin/gnu/H-i686-pc-linux-gnu/bin/../lib/gcc/nios2-elf/4.1.2/../../../../nios2-elf/lib/mno-hw-mul/libstdc++.a
LOAD /opt/altera/13.0sp1/nios2eds/bin/gnu/H-i686-pc-linux-gnu/bin/../lib/gcc/nios2-elf/4.1.2/../../../../nios2-elf/lib/mno-hw-mul/libm.a
LOAD /opt/altera/13.0sp1/nios2eds/bin/gnu/H-i686-pc-linux-gnu/bin/../lib/gcc/nios2-elf/4.1.2/mno-hw-mul/libgcc.a
START GROUP
LOAD /opt/altera/13.0sp1/nios2eds/bin/gnu/H-i686-pc-linux-gnu/bin/../lib/gcc/nios2-elf/4.1.2/../../../../nios2-elf/lib/mno-hw-mul/libsmallc.a
LOAD /opt/altera/13.0sp1/nios2eds/bin/gnu/H-i686-pc-linux-gnu/bin/../lib/gcc/nios2-elf/4.1.2/mno-hw-mul/libgcc.a
LOAD ../../bsp/mpsoc_hello_mpsoc_1//libhal_bsp.a
END GROUP
LOAD /opt/altera/13.0sp1/nios2eds/bin/gnu/H-i686-pc-linux-gnu/bin/../lib/gcc/nios2-elf/4.1.2/mno-hw-mul/libgcc.a
                0x00002000                __alt_mem_onchip_1 = 0x2000
                0x00102000                __alt_mem_shared_onchip = 0x102000

.entry          0x00002000       0x20
 *(.entry)
 .entry         0x00002000       0x20 ../../bsp/mpsoc_hello_mpsoc_1//obj/HAL/src/crt0.o
                0x00002000                __reset
                0x0000200c                _exit

.exceptions     0x00002020        0x0
                0x00002020                PROVIDE (__ram_exceptions_start, ABSOLUTE (.))
                0x00002020                . = ALIGN (0x20)
 *(.irq)
 *(.exceptions.entry.label)
 *(.exceptions.entry.user)
 *(.exceptions.entry)
 *(.exceptions.irqtest.user)
 *(.exceptions.irqtest)
 *(.exceptions.irqhandler.user)
 *(.exceptions.irqhandler)
 *(.exceptions.irqreturn.user)
 *(.exceptions.irqreturn)
 *(.exceptions.notirq.label)
 *(.exceptions.notirq.user)
 *(.exceptions.notirq)
 *(.exceptions.soft.user)
 *(.exceptions.soft)
 *(.exceptions.unknown.user)
 *(.exceptions.unknown)
 *(.exceptions.exit.label)
 *(.exceptions.exit.user)
 *(.exceptions.exit)
 *(.exceptions)
                0x00002020                PROVIDE (__ram_exceptions_end, ABSOLUTE (.))
                0x00002020                PROVIDE (__flash_exceptions_start, LOADADDR (.exceptions))

.text           0x00002020      0x950
                0x00002020                PROVIDE (stext, ABSOLUTE (.))
 *(.interp)
 *(.hash)
 *(.dynsym)
 *(.dynstr)
 *(.gnu.version)
 *(.gnu.version_d)
 *(.gnu.version_r)
 *(.rel.init)
 *(.rela.init)
 *(.rel.text .rel.text.* .rel.gnu.linkonce.t.*)
 *(.rela.text .rela.text.* .rela.gnu.linkonce.t.*)
 *(.rel.fini)
 *(.rela.fini)
 *(.rel.rodata .rel.rodata.* .rel.gnu.linkonce.r.*)
 *(.rela.rodata .rela.rodata.* .rela.gnu.linkonce.r.*)
 *(.rel.data .rel.data.* .rel.gnu.linkonce.d.*)
 *(.rela.data .rela.data.* .rela.gnu.linkonce.d.*)
 *(.rel.tdata .rel.tdata.* .rel.gnu.linkonce.td.*)
 *(.rela.tdata .rela.tdata.* .rela.gnu.linkonce.td.*)
 *(.rel.tbss .rel.tbss.* .rel.gnu.linkonce.tb.*)
 *(.rela.tbss .rela.tbss.* .rela.gnu.linkonce.tb.*)
 *(.rel.ctors)
 *(.rela.ctors)
 *(.rel.dtors)
 *(.rela.dtors)
 *(.rel.got)
 *(.rela.got)
 *(.rel.sdata .rel.sdata.* .rel.gnu.linkonce.s.*)
 *(.rela.sdata .rela.sdata.* .rela.gnu.linkonce.s.*)
 *(.rel.sbss .rel.sbss.* .rel.gnu.linkonce.sb.*)
 *(.rela.sbss .rela.sbss.* .rela.gnu.linkonce.sb.*)
 *(.rel.sdata2 .rel.sdata2.* .rel.gnu.linkonce.s2.*)
 *(.rela.sdata2 .rela.sdata2.* .rela.gnu.linkonce.s2.*)
 *(.rel.sbss2 .rel.sbss2.* .rel.gnu.linkonce.sb2.*)
 *(.rela.sbss2 .rela.sbss2.* .rela.gnu.linkonce.sb2.*)
 *(.rel.bss .rel.bss.* .rel.gnu.linkonce.b.*)
 *(.rela.bss .rela.bss.* .rela.gnu.linkonce.b.*)
 *(.rel.plt)
 *(.rela.plt)
 *(.rel.dyn)
 *(.init)
 *(.plt)
 *(.text .stub .text.* .gnu.linkonce.t.*)
 .text          0x00002020       0x3c ../../bsp/mpsoc_hello_mpsoc_1//obj/HAL/src/crt0.o
                0x00002020                _start
 .text          0x0000205c      0x370 obj/default/src_1/cpu_1.o
                0x0000205c                imgResize
                0x000021f8                main
 .text          0x000023cc       0x20 obj/default/src_1/delay_asm.o
                0x000023cc                delay
 .text          0x000023ec      0x14c /opt/altera/13.0sp1/nios2eds/bin/gnu/H-i686-pc-linux-gnu/bin/../lib/gcc/nios2-elf/4.1.2/mno-hw-mul/libgcc.a(lib2-divmod.o)
                0x00002468                __divsi3
                0x000024c8                __modsi3
                0x00002528                __udivsi3
                0x00002530                __umodsi3
 .text          0x00002538       0x38 /opt/altera/13.0sp1/nios2eds/bin/gnu/H-i686-pc-linux-gnu/bin/../lib/gcc/nios2-elf/4.1.2/mno-hw-mul/libgcc.a(lib2-mul.o)
                0x00002538                __mulsi3
 .text          0x00002570       0xb4 ../../bsp/mpsoc_hello_mpsoc_1//libhal_bsp.a(alt_load.o)
                0x00002570                alt_load
 .text          0x00002624       0x2c ../../bsp/mpsoc_hello_mpsoc_1//libhal_bsp.a(alt_main.o)
                0x00002624                alt_main
 .text          0x00002650       0x90 ../../bsp/mpsoc_hello_mpsoc_1//libhal_bsp.a(alt_sys_init.o)
                0x00002650                alt_irq_init
                0x00002670                alt_sys_init
 .text          0x000026e0      0x114 ../../bsp/mpsoc_hello_mpsoc_1//libhal_bsp.a(altera_avalon_mutex.o)
                0x000026e0                altera_avalon_mutex_close
                0x000026e4                altera_avalon_mutex_first_lock
                0x000026f4                altera_avalon_mutex_is_mine
                0x0000271c                altera_avalon_mutex_unlock
                0x0000273c                altera_avalon_mutex_open
                0x000027a8                altera_avalon_mutex_lock
                0x000027cc                altera_avalon_mutex_trylock
 .text          0x000027f4        0x4 ../../bsp/mpsoc_hello_mpsoc_1//libhal_bsp.a(alt_dcache_flush_all.o)
                0x000027f4                alt_dcache_flush_all
 .text          0x000027f8       0x7c ../../bsp/mpsoc_hello_mpsoc_1//libhal_bsp.a(alt_dev_llist_insert.o)
                0x000027f8                alt_dev_llist_insert
 .text          0x00002874        0x0 ../../bsp/mpsoc_hello_mpsoc_1//libhal_bsp.a(alt_errno.o)
 .text          0x00002874       0x94 ../../bsp/mpsoc_hello_mpsoc_1//libhal_bsp.a(alt_find_dev.o)
                0x00002874                alt_find_dev
 .text          0x00002908        0x4 ../../bsp/mpsoc_hello_mpsoc_1//libhal_bsp.a(alt_icache_flush_all.o)
                0x00002908                alt_icache_flush_all
 .text          0x0000290c        0x8 ../../bsp/mpsoc_hello_mpsoc_1//libhal_bsp.a(altera_nios2_qsys_irq.o)
                0x0000290c                altera_nios2_qsys_irq_init
 .text          0x00002914        0x0 /opt/altera/13.0sp1/nios2eds/bin/gnu/H-i686-pc-linux-gnu/bin/../lib/gcc/nios2-elf/4.1.2/../../../../nios2-elf/lib/mno-hw-mul/libsmallc.a(lib_a-int_errno.o)
 .text          0x00002914       0x3c /opt/altera/13.0sp1/nios2eds/bin/gnu/H-i686-pc-linux-gnu/bin/../lib/gcc/nios2-elf/4.1.2/../../../../nios2-elf/lib/mno-hw-mul/libsmallc.a(lib_a-memcmp.o)
                0x00002914                memcmp
 .text          0x00002950       0x20 /opt/altera/13.0sp1/nios2eds/bin/gnu/H-i686-pc-linux-gnu/bin/../lib/gcc/nios2-elf/4.1.2/../../../../nios2-elf/lib/mno-hw-mul/libsmallc.a(lib_a-strlen.o)
                0x00002950                strlen
 *(.gnu.warning.*)
 *(.fini)
                0x00002970                PROVIDE (__etext, ABSOLUTE (.))
                0x00002970                PROVIDE (_etext, ABSOLUTE (.))
                0x00002970                PROVIDE (etext, ABSOLUTE (.))
 *(.eh_frame_hdr)
                0x00002970                . = ALIGN (0x4)
                0x00002970                PROVIDE (__preinit_array_start, ABSOLUTE (.))
 *(.preinit_array)
                0x00002970                PROVIDE (__preinit_array_end, ABSOLUTE (.))
                0x00002970                PROVIDE (__init_array_start, ABSOLUTE (.))
 *(.init_array)
                0x00002970                PROVIDE (__init_array_end, ABSOLUTE (.))
                0x00002970                PROVIDE (__fini_array_start, ABSOLUTE (.))
 *(.fini_array)
                0x00002970                PROVIDE (__fini_array_end, ABSOLUTE (.))
 *(.eh_frame)
 *(.gcc_except_table)
 *(.dynamic)
                0x00002970                PROVIDE (__CTOR_LIST__, ABSOLUTE (.))
 *(.ctors)
 *(SORT(.ctors.*))
                0x00002970                PROVIDE (__CTOR_END__, ABSOLUTE (.))
                0x00002970                PROVIDE (__DTOR_LIST__, ABSOLUTE (.))
 *(.dtors)
 *(SORT(.dtors.*))
                0x00002970                PROVIDE (__DTOR_END__, ABSOLUTE (.))
 *(.jcr)
                0x00002970                . = ALIGN (0x4)

.rodata         0x00002970       0x50
                0x00002970                PROVIDE (__ram_rodata_start, ABSOLUTE (.))
                0x00002970                . = ALIGN (0x4)
 *(.rodata .rodata.* .gnu.linkonce.r.*)
 .rodata.str1.4
                0x00002970        0xd obj/default/src_1/cpu_1.o
                                 0x10 (size before relaxing)
 *fill*         0x0000297d        0x3 00
 .rodata.str1.4
                0x00002980       0x40 ../../bsp/mpsoc_hello_mpsoc_1//libhal_bsp.a(alt_sys_init.o)
                                 0x50 (size before relaxing)
 *(.rodata1)
                0x000029c0                . = ALIGN (0x4)
                0x000029c0                PROVIDE (__ram_rodata_end, ABSOLUTE (.))
                0x00002970                PROVIDE (__flash_rodata_start, LOADADDR (.rodata))

.rwdata         0x000029c0       0x60 load address 0x00002a20
                0x000029c0                PROVIDE (__ram_rwdata_start, ABSOLUTE (.))
                0x000029c0                . = ALIGN (0x4)
 *(.got.plt)
 *(.got)
 *(.data1)
 *(.data .data.* .gnu.linkonce.d.*)
 .data          0x000029c0        0x0 ../../bsp/mpsoc_hello_mpsoc_1//obj/HAL/src/crt0.o
 .data          0x000029c0        0x0 obj/default/src_1/cpu_1.o
 .data          0x000029c0        0x0 obj/default/src_1/delay_asm.o
 .data          0x000029c0        0x0 /opt/altera/13.0sp1/nios2eds/bin/gnu/H-i686-pc-linux-gnu/bin/../lib/gcc/nios2-elf/4.1.2/mno-hw-mul/libgcc.a(lib2-divmod.o)
 .data          0x000029c0        0x0 /opt/altera/13.0sp1/nios2eds/bin/gnu/H-i686-pc-linux-gnu/bin/../lib/gcc/nios2-elf/4.1.2/mno-hw-mul/libgcc.a(lib2-mul.o)
 .data          0x000029c0        0x0 ../../bsp/mpsoc_hello_mpsoc_1//libhal_bsp.a(alt_load.o)
 .data          0x000029c0        0x0 ../../bsp/mpsoc_hello_mpsoc_1//libhal_bsp.a(alt_main.o)
 .data          0x000029c0       0x50 ../../bsp/mpsoc_hello_mpsoc_1//libhal_bsp.a(alt_sys_init.o)
 .data          0x00002a10        0x0 ../../bsp/mpsoc_hello_mpsoc_1//libhal_bsp.a(altera_avalon_mutex.o)
 .data          0x00002a10        0x0 ../../bsp/mpsoc_hello_mpsoc_1//libhal_bsp.a(alt_dcache_flush_all.o)
 .data          0x00002a10        0x0 ../../bsp/mpsoc_hello_mpsoc_1//libhal_bsp.a(alt_dev_llist_insert.o)
 .data          0x00002a10        0x0 ../../bsp/mpsoc_hello_mpsoc_1//libhal_bsp.a(alt_errno.o)
 .data          0x00002a10        0x0 ../../bsp/mpsoc_hello_mpsoc_1//libhal_bsp.a(alt_find_dev.o)
 .data          0x00002a10        0x0 ../../bsp/mpsoc_hello_mpsoc_1//libhal_bsp.a(alt_icache_flush_all.o)
 .data          0x00002a10        0x0 ../../bsp/mpsoc_hello_mpsoc_1//libhal_bsp.a(altera_nios2_qsys_irq.o)
 .data          0x00002a10        0x0 /opt/altera/13.0sp1/nios2eds/bin/gnu/H-i686-pc-linux-gnu/bin/../lib/gcc/nios2-elf/4.1.2/../../../../nios2-elf/lib/mno-hw-mul/libsmallc.a(lib_a-int_errno.o)
 .data          0x00002a10        0x0 /opt/altera/13.0sp1/nios2eds/bin/gnu/H-i686-pc-linux-gnu/bin/../lib/gcc/nios2-elf/4.1.2/../../../../nios2-elf/lib/mno-hw-mul/libsmallc.a(lib_a-memcmp.o)
 .data          0x00002a10        0x0 /opt/altera/13.0sp1/nios2eds/bin/gnu/H-i686-pc-linux-gnu/bin/../lib/gcc/nios2-elf/4.1.2/../../../../nios2-elf/lib/mno-hw-mul/libsmallc.a(lib_a-strlen.o)
                0x0000aa10                _gp = ABSOLUTE ((. + 0x8000))
                0x0000aa10                PROVIDE (gp, _gp)
 *(.rwdata .rwdata.*)
 *(.sdata .sdata.* .gnu.linkonce.s.*)
 .sdata         0x00002a10        0x4 ../../bsp/mpsoc_hello_mpsoc_1//libhal_bsp.a(alt_sys_init.o)
                0x00002a10                jtag_uart_1
 .sdata         0x00002a14        0x8 ../../bsp/mpsoc_hello_mpsoc_1//libhal_bsp.a(altera_avalon_mutex.o)
                0x00002a14                alt_mutex_list
 .sdata         0x00002a1c        0x4 ../../bsp/mpsoc_hello_mpsoc_1//libhal_bsp.a(alt_errno.o)
                0x00002a1c                alt_errno
 *(.sdata2 .sdata2.* .gnu.linkonce.s2.*)
                0x00002a20                . = ALIGN (0x4)
                0x00002a20                _edata = ABSOLUTE (.)
                0x00002a20                PROVIDE (edata, ABSOLUTE (.))
                0x00002a20                PROVIDE (__ram_rwdata_end, ABSOLUTE (.))
                0x00002a20                PROVIDE (__flash_rwdata_start, LOADADDR (.rwdata))

.bss            0x00002a80       0x10
                0x00002a80                __bss_start = ABSOLUTE (.)
                0x00002a80                PROVIDE (__sbss_start, ABSOLUTE (.))
                0x00002a80                PROVIDE (___sbss_start, ABSOLUTE (.))
 *(.dynsbss)
 *(.sbss .sbss.* .gnu.linkonce.sb.*)
 .sbss          0x00002a80        0xc ../../bsp/mpsoc_hello_mpsoc_1//libhal_bsp.a(alt_main.o)
                0x00002a80                alt_argc
                0x00002a84                alt_argv
                0x00002a88                alt_envp
 .sbss          0x00002a8c        0x4 /opt/altera/13.0sp1/nios2eds/bin/gnu/H-i686-pc-linux-gnu/bin/../lib/gcc/nios2-elf/4.1.2/../../../../nios2-elf/lib/mno-hw-mul/libsmallc.a(lib_a-int_errno.o)
                0x00002a8c                errno
 *(.sbss2 .sbss2.* .gnu.linkonce.sb2.*)
 *(.scommon)
                0x00002a90                PROVIDE (__sbss_end, ABSOLUTE (.))
                0x00002a90                PROVIDE (___sbss_end, ABSOLUTE (.))
 *(.dynbss)
 *(.bss .bss.* .gnu.linkonce.b.*)
 .bss           0x00002a90        0x0 ../../bsp/mpsoc_hello_mpsoc_1//obj/HAL/src/crt0.o
 .bss           0x00002a90        0x0 obj/default/src_1/cpu_1.o
 .bss           0x00002a90        0x0 obj/default/src_1/delay_asm.o
 .bss           0x00002a90        0x0 /opt/altera/13.0sp1/nios2eds/bin/gnu/H-i686-pc-linux-gnu/bin/../lib/gcc/nios2-elf/4.1.2/mno-hw-mul/libgcc.a(lib2-divmod.o)
 .bss           0x00002a90        0x0 /opt/altera/13.0sp1/nios2eds/bin/gnu/H-i686-pc-linux-gnu/bin/../lib/gcc/nios2-elf/4.1.2/mno-hw-mul/libgcc.a(lib2-mul.o)
 .bss           0x00002a90        0x0 ../../bsp/mpsoc_hello_mpsoc_1//libhal_bsp.a(alt_load.o)
 .bss           0x00002a90        0x0 ../../bsp/mpsoc_hello_mpsoc_1//libhal_bsp.a(alt_main.o)
 .bss           0x00002a90        0x0 ../../bsp/mpsoc_hello_mpsoc_1//libhal_bsp.a(alt_sys_init.o)
 .bss           0x00002a90        0x0 ../../bsp/mpsoc_hello_mpsoc_1//libhal_bsp.a(altera_avalon_mutex.o)
 .bss           0x00002a90        0x0 ../../bsp/mpsoc_hello_mpsoc_1//libhal_bsp.a(alt_dcache_flush_all.o)
 .bss           0x00002a90        0x0 ../../bsp/mpsoc_hello_mpsoc_1//libhal_bsp.a(alt_dev_llist_insert.o)
 .bss           0x00002a90        0x0 ../../bsp/mpsoc_hello_mpsoc_1//libhal_bsp.a(alt_errno.o)
 .bss           0x00002a90        0x0 ../../bsp/mpsoc_hello_mpsoc_1//libhal_bsp.a(alt_find_dev.o)
 .bss           0x00002a90        0x0 ../../bsp/mpsoc_hello_mpsoc_1//libhal_bsp.a(alt_icache_flush_all.o)
 .bss           0x00002a90        0x0 ../../bsp/mpsoc_hello_mpsoc_1//libhal_bsp.a(altera_nios2_qsys_irq.o)
 .bss           0x00002a90        0x0 /opt/altera/13.0sp1/nios2eds/bin/gnu/H-i686-pc-linux-gnu/bin/../lib/gcc/nios2-elf/4.1.2/../../../../nios2-elf/lib/mno-hw-mul/libsmallc.a(lib_a-int_errno.o)
 .bss           0x00002a90        0x0 /opt/altera/13.0sp1/nios2eds/bin/gnu/H-i686-pc-linux-gnu/bin/../lib/gcc/nios2-elf/4.1.2/../../../../nios2-elf/lib/mno-hw-mul/libsmallc.a(lib_a-memcmp.o)
 .bss           0x00002a90        0x0 /opt/altera/13.0sp1/nios2eds/bin/gnu/H-i686-pc-linux-gnu/bin/../lib/gcc/nios2-elf/4.1.2/../../../../nios2-elf/lib/mno-hw-mul/libsmallc.a(lib_a-strlen.o)
 *(COMMON)
                0x00002a90                . = ALIGN (0x4)
                0x00002a90                __bss_end = ABSOLUTE (.)

.onchip_1       0x00002a90        0x0
                0x00002a90                PROVIDE (_alt_partition_onchip_1_start, ABSOLUTE (.))
 *(.onchip_1. onchip_1.*)
                0x00002a90                . = ALIGN (0x4)
                0x00002a90                PROVIDE (_alt_partition_onchip_1_end, ABSOLUTE (.))
                0x00002a90                _end = ABSOLUTE (.)
                0x00002a90                end = ABSOLUTE (.)
                0x00002a90                __alt_stack_base = ABSOLUTE (.)
                0x00002a90                PROVIDE (_alt_partition_onchip_1_load_addr, LOADADDR (.onchip_1))

.shared_onchip  0x00102000        0x0 load address 0x00002a90
                0x00102000                PROVIDE (_alt_partition_shared_onchip_start, ABSOLUTE (.))
 *(.shared_onchip. shared_onchip.*)
                0x00102000                . = ALIGN (0x4)
                0x00102000                PROVIDE (_alt_partition_shared_onchip_end, ABSOLUTE (.))
                0x00002a90                PROVIDE (_alt_partition_shared_onchip_load_addr, LOADADDR (.shared_onchip))

.stab
 *(.stab)

.stabstr
 *(.stabstr)

.stab.excl
 *(.stab.excl)

.stab.exclstr
 *(.stab.exclstr)

.stab.index
 *(.stab.index)

.stab.indexstr
 *(.stab.indexstr)

.comment        0x00000000       0x26
 *(.comment)
 .comment       0x00000000       0x26 obj/default/src_1/cpu_1.o
                                 0x27 (size before relaxing)
 .comment       0x00000000       0x27 /opt/altera/13.0sp1/nios2eds/bin/gnu/H-i686-pc-linux-gnu/bin/../lib/gcc/nios2-elf/4.1.2/mno-hw-mul/libgcc.a(lib2-divmod.o)
 .comment       0x00000000       0x27 /opt/altera/13.0sp1/nios2eds/bin/gnu/H-i686-pc-linux-gnu/bin/../lib/gcc/nios2-elf/4.1.2/mno-hw-mul/libgcc.a(lib2-mul.o)
 .comment       0x00000000       0x27 ../../bsp/mpsoc_hello_mpsoc_1//libhal_bsp.a(alt_load.o)
 .comment       0x00000000       0x27 ../../bsp/mpsoc_hello_mpsoc_1//libhal_bsp.a(alt_main.o)
 .comment       0x00000000       0x27 ../../bsp/mpsoc_hello_mpsoc_1//libhal_bsp.a(alt_sys_init.o)
 .comment       0x00000000       0x27 ../../bsp/mpsoc_hello_mpsoc_1//libhal_bsp.a(altera_avalon_mutex.o)
 .comment       0x00000000       0x27 ../../bsp/mpsoc_hello_mpsoc_1//libhal_bsp.a(alt_dcache_flush_all.o)
 .comment       0x00000000       0x27 ../../bsp/mpsoc_hello_mpsoc_1//libhal_bsp.a(alt_dev_llist_insert.o)
 .comment       0x00000000       0x27 ../../bsp/mpsoc_hello_mpsoc_1//libhal_bsp.a(alt_errno.o)
 .comment       0x00000000       0x27 ../../bsp/mpsoc_hello_mpsoc_1//libhal_bsp.a(alt_find_dev.o)
 .comment       0x00000000       0x27 ../../bsp/mpsoc_hello_mpsoc_1//libhal_bsp.a(alt_icache_flush_all.o)
 .comment       0x00000000       0x27 ../../bsp/mpsoc_hello_mpsoc_1//libhal_bsp.a(altera_nios2_qsys_irq.o)
 .comment       0x00000000       0x27 /opt/altera/13.0sp1/nios2eds/bin/gnu/H-i686-pc-linux-gnu/bin/../lib/gcc/nios2-elf/4.1.2/../../../../nios2-elf/lib/mno-hw-mul/libsmallc.a(lib_a-int_errno.o)
 .comment       0x00000000       0x27 /opt/altera/13.0sp1/nios2eds/bin/gnu/H-i686-pc-linux-gnu/bin/../lib/gcc/nios2-elf/4.1.2/../../../../nios2-elf/lib/mno-hw-mul/libsmallc.a(lib_a-memcmp.o)
 .comment       0x00000000       0x27 /opt/altera/13.0sp1/nios2eds/bin/gnu/H-i686-pc-linux-gnu/bin/../lib/gcc/nios2-elf/4.1.2/../../../../nios2-elf/lib/mno-hw-mul/libsmallc.a(lib_a-strlen.o)

.debug
 *(.debug)

.line
 *(.line)

.debug_srcinfo
 *(.debug_srcinfo)

.debug_sfnames
 *(.debug_sfnames)

.debug_aranges  0x00000000       0xe8
 *(.debug_aranges)
 .debug_aranges
                0x00000000       0x28 ../../bsp/mpsoc_hello_mpsoc_1//obj/HAL/src/crt0.o
 .debug_aranges
                0x00000028       0x20 obj/default/src_1/cpu_1.o
 .debug_aranges
                0x00000048       0x20 obj/default/src_1/delay_asm.o
 .debug_aranges
                0x00000068       0x20 /opt/altera/13.0sp1/nios2eds/bin/gnu/H-i686-pc-linux-gnu/bin/../lib/gcc/nios2-elf/4.1.2/mno-hw-mul/libgcc.a(lib2-divmod.o)
 .debug_aranges
                0x00000088       0x20 /opt/altera/13.0sp1/nios2eds/bin/gnu/H-i686-pc-linux-gnu/bin/../lib/gcc/nios2-elf/4.1.2/mno-hw-mul/libgcc.a(lib2-mul.o)
 .debug_aranges
                0x000000a8       0x20 /opt/altera/13.0sp1/nios2eds/bin/gnu/H-i686-pc-linux-gnu/bin/../lib/gcc/nios2-elf/4.1.2/../../../../nios2-elf/lib/mno-hw-mul/libsmallc.a(lib_a-memcmp.o)
 .debug_aranges
                0x000000c8       0x20 /opt/altera/13.0sp1/nios2eds/bin/gnu/H-i686-pc-linux-gnu/bin/../lib/gcc/nios2-elf/4.1.2/../../../../nios2-elf/lib/mno-hw-mul/libsmallc.a(lib_a-strlen.o)

.debug_pubnames
                0x00000000       0xe6
 *(.debug_pubnames)
 .debug_pubnames
                0x00000000       0x29 obj/default/src_1/cpu_1.o
 .debug_pubnames
                0x00000029       0x48 /opt/altera/13.0sp1/nios2eds/bin/gnu/H-i686-pc-linux-gnu/bin/../lib/gcc/nios2-elf/4.1.2/mno-hw-mul/libgcc.a(lib2-divmod.o)
 .debug_pubnames
                0x00000071       0x1f /opt/altera/13.0sp1/nios2eds/bin/gnu/H-i686-pc-linux-gnu/bin/../lib/gcc/nios2-elf/4.1.2/mno-hw-mul/libgcc.a(lib2-mul.o)
 .debug_pubnames
                0x00000090       0x1c /opt/altera/13.0sp1/nios2eds/bin/gnu/H-i686-pc-linux-gnu/bin/../lib/gcc/nios2-elf/4.1.2/../../../../nios2-elf/lib/mno-hw-mul/libsmallc.a(lib_a-int_errno.o)
 .debug_pubnames
                0x000000ac       0x1d /opt/altera/13.0sp1/nios2eds/bin/gnu/H-i686-pc-linux-gnu/bin/../lib/gcc/nios2-elf/4.1.2/../../../../nios2-elf/lib/mno-hw-mul/libsmallc.a(lib_a-memcmp.o)
 .debug_pubnames
                0x000000c9       0x1d /opt/altera/13.0sp1/nios2eds/bin/gnu/H-i686-pc-linux-gnu/bin/../lib/gcc/nios2-elf/4.1.2/../../../../nios2-elf/lib/mno-hw-mul/libsmallc.a(lib_a-strlen.o)

.debug_info     0x00000000      0x9b9
 *(.debug_info .gnu.linkonce.wi.*)
 .debug_info    0x00000000       0x6c ../../bsp/mpsoc_hello_mpsoc_1//obj/HAL/src/crt0.o
 .debug_info    0x0000006c      0x396 obj/default/src_1/cpu_1.o
 .debug_info    0x00000402       0x6b obj/default/src_1/delay_asm.o
 .debug_info    0x0000046d      0x21c /opt/altera/13.0sp1/nios2eds/bin/gnu/H-i686-pc-linux-gnu/bin/../lib/gcc/nios2-elf/4.1.2/mno-hw-mul/libgcc.a(lib2-divmod.o)
 .debug_info    0x00000689       0xf3 /opt/altera/13.0sp1/nios2eds/bin/gnu/H-i686-pc-linux-gnu/bin/../lib/gcc/nios2-elf/4.1.2/mno-hw-mul/libgcc.a(lib2-mul.o)
 .debug_info    0x0000077c       0x8c /opt/altera/13.0sp1/nios2eds/bin/gnu/H-i686-pc-linux-gnu/bin/../lib/gcc/nios2-elf/4.1.2/../../../../nios2-elf/lib/mno-hw-mul/libsmallc.a(lib_a-int_errno.o)
 .debug_info    0x00000808       0xef /opt/altera/13.0sp1/nios2eds/bin/gnu/H-i686-pc-linux-gnu/bin/../lib/gcc/nios2-elf/4.1.2/../../../../nios2-elf/lib/mno-hw-mul/libsmallc.a(lib_a-memcmp.o)
 .debug_info    0x000008f7       0xc2 /opt/altera/13.0sp1/nios2eds/bin/gnu/H-i686-pc-linux-gnu/bin/../lib/gcc/nios2-elf/4.1.2/../../../../nios2-elf/lib/mno-hw-mul/libsmallc.a(lib_a-strlen.o)

.debug_abbrev   0x00000000      0x3fa
 *(.debug_abbrev)
 .debug_abbrev  0x00000000       0x12 ../../bsp/mpsoc_hello_mpsoc_1//obj/HAL/src/crt0.o
 .debug_abbrev  0x00000012      0x148 obj/default/src_1/cpu_1.o
 .debug_abbrev  0x0000015a       0x14 obj/default/src_1/delay_asm.o
 .debug_abbrev  0x0000016e       0xe0 /opt/altera/13.0sp1/nios2eds/bin/gnu/H-i686-pc-linux-gnu/bin/../lib/gcc/nios2-elf/4.1.2/mno-hw-mul/libgcc.a(lib2-divmod.o)
 .debug_abbrev  0x0000024e       0x7b /opt/altera/13.0sp1/nios2eds/bin/gnu/H-i686-pc-linux-gnu/bin/../lib/gcc/nios2-elf/4.1.2/mno-hw-mul/libgcc.a(lib2-mul.o)
 .debug_abbrev  0x000002c9       0x3b /opt/altera/13.0sp1/nios2eds/bin/gnu/H-i686-pc-linux-gnu/bin/../lib/gcc/nios2-elf/4.1.2/../../../../nios2-elf/lib/mno-hw-mul/libsmallc.a(lib_a-int_errno.o)
 .debug_abbrev  0x00000304       0x7c /opt/altera/13.0sp1/nios2eds/bin/gnu/H-i686-pc-linux-gnu/bin/../lib/gcc/nios2-elf/4.1.2/../../../../nios2-elf/lib/mno-hw-mul/libsmallc.a(lib_a-memcmp.o)
 .debug_abbrev  0x00000380       0x7a /opt/altera/13.0sp1/nios2eds/bin/gnu/H-i686-pc-linux-gnu/bin/../lib/gcc/nios2-elf/4.1.2/../../../../nios2-elf/lib/mno-hw-mul/libsmallc.a(lib_a-strlen.o)

.debug_line     0x00000000     0x10d7
 *(.debug_line)
 .debug_line    0x00000000       0x66 ../../bsp/mpsoc_hello_mpsoc_1//obj/HAL/src/crt0.o
 .debug_line    0x00000066      0x532 obj/default/src_1/cpu_1.o
 .debug_line    0x00000598       0x46 obj/default/src_1/delay_asm.o
 .debug_line    0x000005de      0x2c6 /opt/altera/13.0sp1/nios2eds/bin/gnu/H-i686-pc-linux-gnu/bin/../lib/gcc/nios2-elf/4.1.2/mno-hw-mul/libgcc.a(lib2-divmod.o)
 .debug_line    0x000008a4      0x191 /opt/altera/13.0sp1/nios2eds/bin/gnu/H-i686-pc-linux-gnu/bin/../lib/gcc/nios2-elf/4.1.2/mno-hw-mul/libgcc.a(lib2-mul.o)
 .debug_line    0x00000a35      0x1e2 /opt/altera/13.0sp1/nios2eds/bin/gnu/H-i686-pc-linux-gnu/bin/../lib/gcc/nios2-elf/4.1.2/../../../../nios2-elf/lib/mno-hw-mul/libsmallc.a(lib_a-int_errno.o)
 .debug_line    0x00000c17      0x270 /opt/altera/13.0sp1/nios2eds/bin/gnu/H-i686-pc-linux-gnu/bin/../lib/gcc/nios2-elf/4.1.2/../../../../nios2-elf/lib/mno-hw-mul/libsmallc.a(lib_a-memcmp.o)
 .debug_line    0x00000e87      0x250 /opt/altera/13.0sp1/nios2eds/bin/gnu/H-i686-pc-linux-gnu/bin/../lib/gcc/nios2-elf/4.1.2/../../../../nios2-elf/lib/mno-hw-mul/libsmallc.a(lib_a-strlen.o)

.debug_frame    0x00000000      0x134
 *(.debug_frame)
 .debug_frame   0x00000000       0x64 obj/default/src_1/cpu_1.o
 .debug_frame   0x00000064       0x70 /opt/altera/13.0sp1/nios2eds/bin/gnu/H-i686-pc-linux-gnu/bin/../lib/gcc/nios2-elf/4.1.2/mno-hw-mul/libgcc.a(lib2-divmod.o)
 .debug_frame   0x000000d4       0x20 /opt/altera/13.0sp1/nios2eds/bin/gnu/H-i686-pc-linux-gnu/bin/../lib/gcc/nios2-elf/4.1.2/mno-hw-mul/libgcc.a(lib2-mul.o)
 .debug_frame   0x000000f4       0x20 /opt/altera/13.0sp1/nios2eds/bin/gnu/H-i686-pc-linux-gnu/bin/../lib/gcc/nios2-elf/4.1.2/../../../../nios2-elf/lib/mno-hw-mul/libsmallc.a(lib_a-memcmp.o)
 .debug_frame   0x00000114       0x20 /opt/altera/13.0sp1/nios2eds/bin/gnu/H-i686-pc-linux-gnu/bin/../lib/gcc/nios2-elf/4.1.2/../../../../nios2-elf/lib/mno-hw-mul/libsmallc.a(lib_a-strlen.o)

.debug_str      0x00000000      0x4b7
 *(.debug_str)
 .debug_str     0x00000000      0x156 obj/default/src_1/cpu_1.o
                                0x1a0 (size before relaxing)
 .debug_str     0x00000156      0x110 /opt/altera/13.0sp1/nios2eds/bin/gnu/H-i686-pc-linux-gnu/bin/../lib/gcc/nios2-elf/4.1.2/mno-hw-mul/libgcc.a(lib2-divmod.o)
                                0x1b9 (size before relaxing)
 .debug_str     0x00000266       0x37 /opt/altera/13.0sp1/nios2eds/bin/gnu/H-i686-pc-linux-gnu/bin/../lib/gcc/nios2-elf/4.1.2/mno-hw-mul/libgcc.a(lib2-mul.o)
                                0x17a (size before relaxing)
 .debug_str     0x0000029d       0xe1 /opt/altera/13.0sp1/nios2eds/bin/gnu/H-i686-pc-linux-gnu/bin/../lib/gcc/nios2-elf/4.1.2/../../../../nios2-elf/lib/mno-hw-mul/libsmallc.a(lib_a-int_errno.o)
                                0x17c (size before relaxing)
 .debug_str     0x0000037e       0xee /opt/altera/13.0sp1/nios2eds/bin/gnu/H-i686-pc-linux-gnu/bin/../lib/gcc/nios2-elf/4.1.2/../../../../nios2-elf/lib/mno-hw-mul/libsmallc.a(lib_a-memcmp.o)
                                0x183 (size before relaxing)
 .debug_str     0x0000046c       0x4b /opt/altera/13.0sp1/nios2eds/bin/gnu/H-i686-pc-linux-gnu/bin/../lib/gcc/nios2-elf/4.1.2/../../../../nios2-elf/lib/mno-hw-mul/libsmallc.a(lib_a-strlen.o)
                                0x189 (size before relaxing)

.debug_loc      0x00000000      0x503
 *(.debug_loc)
 .debug_loc     0x00000000      0x254 obj/default/src_1/cpu_1.o
 .debug_loc     0x00000254      0x1d2 /opt/altera/13.0sp1/nios2eds/bin/gnu/H-i686-pc-linux-gnu/bin/../lib/gcc/nios2-elf/4.1.2/mno-hw-mul/libgcc.a(lib2-divmod.o)
 .debug_loc     0x00000426       0x4f /opt/altera/13.0sp1/nios2eds/bin/gnu/H-i686-pc-linux-gnu/bin/../lib/gcc/nios2-elf/4.1.2/mno-hw-mul/libgcc.a(lib2-mul.o)
 .debug_loc     0x00000475       0x70 /opt/altera/13.0sp1/nios2eds/bin/gnu/H-i686-pc-linux-gnu/bin/../lib/gcc/nios2-elf/4.1.2/../../../../nios2-elf/lib/mno-hw-mul/libsmallc.a(lib_a-memcmp.o)
 .debug_loc     0x000004e5       0x1e /opt/altera/13.0sp1/nios2eds/bin/gnu/H-i686-pc-linux-gnu/bin/../lib/gcc/nios2-elf/4.1.2/../../../../nios2-elf/lib/mno-hw-mul/libsmallc.a(lib_a-strlen.o)

.debug_macinfo
 *(.debug_macinfo)

.debug_weaknames
 *(.debug_weaknames)

.debug_funcnames
 *(.debug_funcnames)

.debug_typenames
 *(.debug_typenames)

.debug_varnames
 *(.debug_varnames)

.debug_alt_sim_info
                0x00000000       0x10
 *(.debug_alt_sim_info)
 .debug_alt_sim_info
                0x00000000       0x10 ../../bsp/mpsoc_hello_mpsoc_1//obj/HAL/src/crt0.o
                0x00004000                __alt_data_end = 0x4000
                0x00004000                PROVIDE (__alt_stack_pointer, __alt_data_end)
                0x00002a90                PROVIDE (__alt_stack_limit, __alt_stack_base)
                0x00002a90                PROVIDE (__alt_heap_start, end)
                0x00004000                PROVIDE (__alt_heap_limit, 0x4000)
OUTPUT(hello_mpsoc_1.elf elf32-littlenios2)

.debug_ranges   0x00000000       0x20
 .debug_ranges  0x00000000       0x20 ../../bsp/mpsoc_hello_mpsoc_1//obj/HAL/src/crt0.o
