Archive member included because of file (symbol)

/opt/altera/13.0sp1/nios2eds/bin/gnu/H-i686-pc-linux-gnu/bin/../lib/gcc/nios2-elf/4.1.2/mno-hw-mul/libgcc.a(lib2-mul.o)
                              obj/default/src_3/cpu_3.o (__mulsi3)
../../bsp/mpsoc_hello_mpsoc_3//libhal_bsp.a(alt_load.o)
                              ../../bsp/mpsoc_hello_mpsoc_3//obj/HAL/src/crt0.o (alt_load)
../../bsp/mpsoc_hello_mpsoc_3//libhal_bsp.a(alt_main.o)
                              ../../bsp/mpsoc_hello_mpsoc_3//obj/HAL/src/crt0.o (alt_main)
../../bsp/mpsoc_hello_mpsoc_3//libhal_bsp.a(alt_sys_init.o)
                              ../../bsp/mpsoc_hello_mpsoc_3//libhal_bsp.a(alt_main.o) (alt_irq_init)
../../bsp/mpsoc_hello_mpsoc_3//libhal_bsp.a(altera_avalon_mutex.o)
                              obj/default/src_3/cpu_3.o (altera_avalon_mutex_unlock)
../../bsp/mpsoc_hello_mpsoc_3//libhal_bsp.a(alt_dcache_flush_all.o)
                              ../../bsp/mpsoc_hello_mpsoc_3//libhal_bsp.a(alt_load.o) (alt_dcache_flush_all)
../../bsp/mpsoc_hello_mpsoc_3//libhal_bsp.a(alt_dev_llist_insert.o)
                              ../../bsp/mpsoc_hello_mpsoc_3//libhal_bsp.a(alt_sys_init.o) (alt_dev_llist_insert)
../../bsp/mpsoc_hello_mpsoc_3//libhal_bsp.a(alt_errno.o)
                              ../../bsp/mpsoc_hello_mpsoc_3//libhal_bsp.a(altera_avalon_mutex.o) (alt_errno)
../../bsp/mpsoc_hello_mpsoc_3//libhal_bsp.a(alt_find_dev.o)
                              ../../bsp/mpsoc_hello_mpsoc_3//libhal_bsp.a(altera_avalon_mutex.o) (alt_find_dev)
../../bsp/mpsoc_hello_mpsoc_3//libhal_bsp.a(alt_icache_flush_all.o)
                              ../../bsp/mpsoc_hello_mpsoc_3//libhal_bsp.a(alt_load.o) (alt_icache_flush_all)
../../bsp/mpsoc_hello_mpsoc_3//libhal_bsp.a(altera_nios2_qsys_irq.o)
                              ../../bsp/mpsoc_hello_mpsoc_3//libhal_bsp.a(alt_sys_init.o) (altera_nios2_qsys_irq_init)
/opt/altera/13.0sp1/nios2eds/bin/gnu/H-i686-pc-linux-gnu/bin/../lib/gcc/nios2-elf/4.1.2/../../../../nios2-elf/lib/mno-hw-mul/libsmallc.a(lib_a-int_errno.o)
                              ../../bsp/mpsoc_hello_mpsoc_3//libhal_bsp.a(altera_avalon_mutex.o) (errno)
/opt/altera/13.0sp1/nios2eds/bin/gnu/H-i686-pc-linux-gnu/bin/../lib/gcc/nios2-elf/4.1.2/../../../../nios2-elf/lib/mno-hw-mul/libsmallc.a(lib_a-memcmp.o)
                              ../../bsp/mpsoc_hello_mpsoc_3//libhal_bsp.a(alt_find_dev.o) (memcmp)
/opt/altera/13.0sp1/nios2eds/bin/gnu/H-i686-pc-linux-gnu/bin/../lib/gcc/nios2-elf/4.1.2/../../../../nios2-elf/lib/mno-hw-mul/libsmallc.a(lib_a-strlen.o)
                              ../../bsp/mpsoc_hello_mpsoc_3//libhal_bsp.a(alt_find_dev.o) (strlen)

Allocating common symbols
Common symbol       size              file

errno               0x4               /opt/altera/13.0sp1/nios2eds/bin/gnu/H-i686-pc-linux-gnu/bin/../lib/gcc/nios2-elf/4.1.2/../../../../nios2-elf/lib/mno-hw-mul/libsmallc.a(lib_a-int_errno.o)

Memory Configuration

Name             Origin             Length             Attributes
reset            0x00002000         0x00000020
onchip_3         0x00002020         0x00001fe0
shared_onchip    0x00102000         0x00002000
*default*        0x00000000         0xffffffff

Linker script and memory map

LOAD ../../bsp/mpsoc_hello_mpsoc_3//obj/HAL/src/crt0.o
                0x0000200c                exit = _exit
LOAD obj/default/src_3/cpu_3.o
LOAD obj/default/src_3/delay_asm.o
LOAD /opt/altera/13.0sp1/nios2eds/bin/gnu/H-i686-pc-linux-gnu/bin/../lib/gcc/nios2-elf/4.1.2/../../../../nios2-elf/lib/mno-hw-mul/libstdc++.a
LOAD /opt/altera/13.0sp1/nios2eds/bin/gnu/H-i686-pc-linux-gnu/bin/../lib/gcc/nios2-elf/4.1.2/../../../../nios2-elf/lib/mno-hw-mul/libm.a
LOAD /opt/altera/13.0sp1/nios2eds/bin/gnu/H-i686-pc-linux-gnu/bin/../lib/gcc/nios2-elf/4.1.2/mno-hw-mul/libgcc.a
START GROUP
LOAD /opt/altera/13.0sp1/nios2eds/bin/gnu/H-i686-pc-linux-gnu/bin/../lib/gcc/nios2-elf/4.1.2/../../../../nios2-elf/lib/mno-hw-mul/libsmallc.a
LOAD /opt/altera/13.0sp1/nios2eds/bin/gnu/H-i686-pc-linux-gnu/bin/../lib/gcc/nios2-elf/4.1.2/mno-hw-mul/libgcc.a
LOAD ../../bsp/mpsoc_hello_mpsoc_3//libhal_bsp.a
END GROUP
LOAD /opt/altera/13.0sp1/nios2eds/bin/gnu/H-i686-pc-linux-gnu/bin/../lib/gcc/nios2-elf/4.1.2/mno-hw-mul/libgcc.a
                0x00002000                __alt_mem_onchip_3 = 0x2000
                0x00102000                __alt_mem_shared_onchip = 0x102000

.entry          0x00002000       0x20
 *(.entry)
 .entry         0x00002000       0x20 ../../bsp/mpsoc_hello_mpsoc_3//obj/HAL/src/crt0.o
                0x00002000                __reset
                0x0000200c                _exit

.exceptions     0x00002020        0x0
                0x00002020                PROVIDE (__ram_exceptions_start, ABSOLUTE (.))
                0x00002020                . = ALIGN (0x20)
 *(.irq)
 *(.exceptions.entry.label)
 *(.exceptions.entry.user)
 *(.exceptions.entry)
 *(.exceptions.irqtest.user)
 *(.exceptions.irqtest)
 *(.exceptions.irqhandler.user)
 *(.exceptions.irqhandler)
 *(.exceptions.irqreturn.user)
 *(.exceptions.irqreturn)
 *(.exceptions.notirq.label)
 *(.exceptions.notirq.user)
 *(.exceptions.notirq)
 *(.exceptions.soft.user)
 *(.exceptions.soft)
 *(.exceptions.unknown.user)
 *(.exceptions.unknown)
 *(.exceptions.exit.label)
 *(.exceptions.exit.user)
 *(.exceptions.exit)
 *(.exceptions)
                0x00002020                PROVIDE (__ram_exceptions_end, ABSOLUTE (.))
                0x00002020                PROVIDE (__flash_exceptions_start, LOADADDR (.exceptions))

.text           0x00002020      0xfdc
                0x00002020                PROVIDE (stext, ABSOLUTE (.))
 *(.interp)
 *(.hash)
 *(.dynsym)
 *(.dynstr)
 *(.gnu.version)
 *(.gnu.version_d)
 *(.gnu.version_r)
 *(.rel.init)
 *(.rela.init)
 *(.rel.text .rel.text.* .rel.gnu.linkonce.t.*)
 *(.rela.text .rela.text.* .rela.gnu.linkonce.t.*)
 *(.rel.fini)
 *(.rela.fini)
 *(.rel.rodata .rel.rodata.* .rel.gnu.linkonce.r.*)
 *(.rela.rodata .rela.rodata.* .rela.gnu.linkonce.r.*)
 *(.rel.data .rel.data.* .rel.gnu.linkonce.d.*)
 *(.rela.data .rela.data.* .rela.gnu.linkonce.d.*)
 *(.rel.tdata .rel.tdata.* .rel.gnu.linkonce.td.*)
 *(.rela.tdata .rela.tdata.* .rela.gnu.linkonce.td.*)
 *(.rel.tbss .rel.tbss.* .rel.gnu.linkonce.tb.*)
 *(.rela.tbss .rela.tbss.* .rela.gnu.linkonce.tb.*)
 *(.rel.ctors)
 *(.rela.ctors)
 *(.rel.dtors)
 *(.rela.dtors)
 *(.rel.got)
 *(.rela.got)
 *(.rel.sdata .rel.sdata.* .rel.gnu.linkonce.s.*)
 *(.rela.sdata .rela.sdata.* .rela.gnu.linkonce.s.*)
 *(.rel.sbss .rel.sbss.* .rel.gnu.linkonce.sb.*)
 *(.rela.sbss .rela.sbss.* .rela.gnu.linkonce.sb.*)
 *(.rel.sdata2 .rel.sdata2.* .rel.gnu.linkonce.s2.*)
 *(.rela.sdata2 .rela.sdata2.* .rela.gnu.linkonce.s2.*)
 *(.rel.sbss2 .rel.sbss2.* .rel.gnu.linkonce.sb2.*)
 *(.rela.sbss2 .rela.sbss2.* .rela.gnu.linkonce.sb2.*)
 *(.rel.bss .rel.bss.* .rel.gnu.linkonce.b.*)
 *(.rela.bss .rela.bss.* .rela.gnu.linkonce.b.*)
 *(.rel.plt)
 *(.rela.plt)
 *(.rel.dyn)
 *(.init)
 *(.plt)
 *(.text .stub .text.* .gnu.linkonce.t.*)
 .text          0x00002020       0x3c ../../bsp/mpsoc_hello_mpsoc_3//obj/HAL/src/crt0.o
                0x00002020                _start
 .text          0x0000205c      0xb48 obj/default/src_3/cpu_3.o
                0x0000205c                SquareRoot
                0x00002200                appSobelFilter
                0x000026bc                main
 .text          0x00002ba4       0x20 obj/default/src_3/delay_asm.o
                0x00002ba4                delay
 .text          0x00002bc4       0x38 /opt/altera/13.0sp1/nios2eds/bin/gnu/H-i686-pc-linux-gnu/bin/../lib/gcc/nios2-elf/4.1.2/mno-hw-mul/libgcc.a(lib2-mul.o)
                0x00002bc4                __mulsi3
 .text          0x00002bfc       0xb4 ../../bsp/mpsoc_hello_mpsoc_3//libhal_bsp.a(alt_load.o)
                0x00002bfc                alt_load
 .text          0x00002cb0       0x2c ../../bsp/mpsoc_hello_mpsoc_3//libhal_bsp.a(alt_main.o)
                0x00002cb0                alt_main
 .text          0x00002cdc       0x90 ../../bsp/mpsoc_hello_mpsoc_3//libhal_bsp.a(alt_sys_init.o)
                0x00002cdc                alt_irq_init
                0x00002cfc                alt_sys_init
 .text          0x00002d6c      0x114 ../../bsp/mpsoc_hello_mpsoc_3//libhal_bsp.a(altera_avalon_mutex.o)
                0x00002d6c                altera_avalon_mutex_close
                0x00002d70                altera_avalon_mutex_first_lock
                0x00002d80                altera_avalon_mutex_is_mine
                0x00002da8                altera_avalon_mutex_unlock
                0x00002dc8                altera_avalon_mutex_open
                0x00002e34                altera_avalon_mutex_lock
                0x00002e58                altera_avalon_mutex_trylock
 .text          0x00002e80        0x4 ../../bsp/mpsoc_hello_mpsoc_3//libhal_bsp.a(alt_dcache_flush_all.o)
                0x00002e80                alt_dcache_flush_all
 .text          0x00002e84       0x7c ../../bsp/mpsoc_hello_mpsoc_3//libhal_bsp.a(alt_dev_llist_insert.o)
                0x00002e84                alt_dev_llist_insert
 .text          0x00002f00        0x0 ../../bsp/mpsoc_hello_mpsoc_3//libhal_bsp.a(alt_errno.o)
 .text          0x00002f00       0x94 ../../bsp/mpsoc_hello_mpsoc_3//libhal_bsp.a(alt_find_dev.o)
                0x00002f00                alt_find_dev
 .text          0x00002f94        0x4 ../../bsp/mpsoc_hello_mpsoc_3//libhal_bsp.a(alt_icache_flush_all.o)
                0x00002f94                alt_icache_flush_all
 .text          0x00002f98        0x8 ../../bsp/mpsoc_hello_mpsoc_3//libhal_bsp.a(altera_nios2_qsys_irq.o)
                0x00002f98                altera_nios2_qsys_irq_init
 .text          0x00002fa0        0x0 /opt/altera/13.0sp1/nios2eds/bin/gnu/H-i686-pc-linux-gnu/bin/../lib/gcc/nios2-elf/4.1.2/../../../../nios2-elf/lib/mno-hw-mul/libsmallc.a(lib_a-int_errno.o)
 .text          0x00002fa0       0x3c /opt/altera/13.0sp1/nios2eds/bin/gnu/H-i686-pc-linux-gnu/bin/../lib/gcc/nios2-elf/4.1.2/../../../../nios2-elf/lib/mno-hw-mul/libsmallc.a(lib_a-memcmp.o)
                0x00002fa0                memcmp
 .text          0x00002fdc       0x20 /opt/altera/13.0sp1/nios2eds/bin/gnu/H-i686-pc-linux-gnu/bin/../lib/gcc/nios2-elf/4.1.2/../../../../nios2-elf/lib/mno-hw-mul/libsmallc.a(lib_a-strlen.o)
                0x00002fdc                strlen
 *(.gnu.warning.*)
 *(.fini)
                0x00002ffc                PROVIDE (__etext, ABSOLUTE (.))
                0x00002ffc                PROVIDE (_etext, ABSOLUTE (.))
                0x00002ffc                PROVIDE (etext, ABSOLUTE (.))
 *(.eh_frame_hdr)
                0x00002ffc                . = ALIGN (0x4)
                0x00002ffc                PROVIDE (__preinit_array_start, ABSOLUTE (.))
 *(.preinit_array)
                0x00002ffc                PROVIDE (__preinit_array_end, ABSOLUTE (.))
                0x00002ffc                PROVIDE (__init_array_start, ABSOLUTE (.))
 *(.init_array)
                0x00002ffc                PROVIDE (__init_array_end, ABSOLUTE (.))
                0x00002ffc                PROVIDE (__fini_array_start, ABSOLUTE (.))
 *(.fini_array)
                0x00002ffc                PROVIDE (__fini_array_end, ABSOLUTE (.))
 *(.eh_frame)
 *(.gcc_except_table)
 *(.dynamic)
                0x00002ffc                PROVIDE (__CTOR_LIST__, ABSOLUTE (.))
 *(.ctors)
 *(SORT(.ctors.*))
                0x00002ffc                PROVIDE (__CTOR_END__, ABSOLUTE (.))
                0x00002ffc                PROVIDE (__DTOR_LIST__, ABSOLUTE (.))
 *(.dtors)
 *(SORT(.dtors.*))
                0x00002ffc                PROVIDE (__DTOR_END__, ABSOLUTE (.))
 *(.jcr)
                0x00002ffc                . = ALIGN (0x4)

.rodata         0x00002ffc       0x50
                0x00002ffc                PROVIDE (__ram_rodata_start, ABSOLUTE (.))
                0x00002ffc                . = ALIGN (0x4)
 *(.rodata .rodata.* .gnu.linkonce.r.*)
 .rodata.str1.4
                0x00002ffc        0xd obj/default/src_3/cpu_3.o
                                 0x10 (size before relaxing)
 *fill*         0x00003009        0x3 00
 .rodata.str1.4
                0x0000300c       0x40 ../../bsp/mpsoc_hello_mpsoc_3//libhal_bsp.a(alt_sys_init.o)
                                 0x50 (size before relaxing)
 *(.rodata1)
                0x0000304c                . = ALIGN (0x4)
                0x0000304c                PROVIDE (__ram_rodata_end, ABSOLUTE (.))
                0x00002ffc                PROVIDE (__flash_rodata_start, LOADADDR (.rodata))

.rwdata         0x0000304c       0x60 load address 0x000030ac
                0x0000304c                PROVIDE (__ram_rwdata_start, ABSOLUTE (.))
                0x0000304c                . = ALIGN (0x4)
 *(.got.plt)
 *(.got)
 *(.data1)
 *(.data .data.* .gnu.linkonce.d.*)
 .data          0x0000304c        0x0 ../../bsp/mpsoc_hello_mpsoc_3//obj/HAL/src/crt0.o
 .data          0x0000304c        0x0 obj/default/src_3/cpu_3.o
 .data          0x0000304c        0x0 obj/default/src_3/delay_asm.o
 .data          0x0000304c        0x0 /opt/altera/13.0sp1/nios2eds/bin/gnu/H-i686-pc-linux-gnu/bin/../lib/gcc/nios2-elf/4.1.2/mno-hw-mul/libgcc.a(lib2-mul.o)
 .data          0x0000304c        0x0 ../../bsp/mpsoc_hello_mpsoc_3//libhal_bsp.a(alt_load.o)
 .data          0x0000304c        0x0 ../../bsp/mpsoc_hello_mpsoc_3//libhal_bsp.a(alt_main.o)
 .data          0x0000304c       0x50 ../../bsp/mpsoc_hello_mpsoc_3//libhal_bsp.a(alt_sys_init.o)
 .data          0x0000309c        0x0 ../../bsp/mpsoc_hello_mpsoc_3//libhal_bsp.a(altera_avalon_mutex.o)
 .data          0x0000309c        0x0 ../../bsp/mpsoc_hello_mpsoc_3//libhal_bsp.a(alt_dcache_flush_all.o)
 .data          0x0000309c        0x0 ../../bsp/mpsoc_hello_mpsoc_3//libhal_bsp.a(alt_dev_llist_insert.o)
 .data          0x0000309c        0x0 ../../bsp/mpsoc_hello_mpsoc_3//libhal_bsp.a(alt_errno.o)
 .data          0x0000309c        0x0 ../../bsp/mpsoc_hello_mpsoc_3//libhal_bsp.a(alt_find_dev.o)
 .data          0x0000309c        0x0 ../../bsp/mpsoc_hello_mpsoc_3//libhal_bsp.a(alt_icache_flush_all.o)
 .data          0x0000309c        0x0 ../../bsp/mpsoc_hello_mpsoc_3//libhal_bsp.a(altera_nios2_qsys_irq.o)
 .data          0x0000309c        0x0 /opt/altera/13.0sp1/nios2eds/bin/gnu/H-i686-pc-linux-gnu/bin/../lib/gcc/nios2-elf/4.1.2/../../../../nios2-elf/lib/mno-hw-mul/libsmallc.a(lib_a-int_errno.o)
 .data          0x0000309c        0x0 /opt/altera/13.0sp1/nios2eds/bin/gnu/H-i686-pc-linux-gnu/bin/../lib/gcc/nios2-elf/4.1.2/../../../../nios2-elf/lib/mno-hw-mul/libsmallc.a(lib_a-memcmp.o)
 .data          0x0000309c        0x0 /opt/altera/13.0sp1/nios2eds/bin/gnu/H-i686-pc-linux-gnu/bin/../lib/gcc/nios2-elf/4.1.2/../../../../nios2-elf/lib/mno-hw-mul/libsmallc.a(lib_a-strlen.o)
                0x0000b09c                _gp = ABSOLUTE ((. + 0x8000))
                0x0000b09c                PROVIDE (gp, _gp)
 *(.rwdata .rwdata.*)
 *(.sdata .sdata.* .gnu.linkonce.s.*)
 .sdata         0x0000309c        0x4 ../../bsp/mpsoc_hello_mpsoc_3//libhal_bsp.a(alt_sys_init.o)
                0x0000309c                jtag_uart_3
 .sdata         0x000030a0        0x8 ../../bsp/mpsoc_hello_mpsoc_3//libhal_bsp.a(altera_avalon_mutex.o)
                0x000030a0                alt_mutex_list
 .sdata         0x000030a8        0x4 ../../bsp/mpsoc_hello_mpsoc_3//libhal_bsp.a(alt_errno.o)
                0x000030a8                alt_errno
 *(.sdata2 .sdata2.* .gnu.linkonce.s2.*)
                0x000030ac                . = ALIGN (0x4)
                0x000030ac                _edata = ABSOLUTE (.)
                0x000030ac                PROVIDE (edata, ABSOLUTE (.))
                0x000030ac                PROVIDE (__ram_rwdata_end, ABSOLUTE (.))
                0x000030ac                PROVIDE (__flash_rwdata_start, LOADADDR (.rwdata))

.bss            0x0000310c       0x10
                0x0000310c                __bss_start = ABSOLUTE (.)
                0x0000310c                PROVIDE (__sbss_start, ABSOLUTE (.))
                0x0000310c                PROVIDE (___sbss_start, ABSOLUTE (.))
 *(.dynsbss)
 *(.sbss .sbss.* .gnu.linkonce.sb.*)
 .sbss          0x0000310c        0xc ../../bsp/mpsoc_hello_mpsoc_3//libhal_bsp.a(alt_main.o)
                0x0000310c                alt_argc
                0x00003110                alt_argv
                0x00003114                alt_envp
 .sbss          0x00003118        0x4 /opt/altera/13.0sp1/nios2eds/bin/gnu/H-i686-pc-linux-gnu/bin/../lib/gcc/nios2-elf/4.1.2/../../../../nios2-elf/lib/mno-hw-mul/libsmallc.a(lib_a-int_errno.o)
                0x00003118                errno
 *(.sbss2 .sbss2.* .gnu.linkonce.sb2.*)
 *(.scommon)
                0x0000311c                PROVIDE (__sbss_end, ABSOLUTE (.))
                0x0000311c                PROVIDE (___sbss_end, ABSOLUTE (.))
 *(.dynbss)
 *(.bss .bss.* .gnu.linkonce.b.*)
 .bss           0x0000311c        0x0 ../../bsp/mpsoc_hello_mpsoc_3//obj/HAL/src/crt0.o
 .bss           0x0000311c        0x0 obj/default/src_3/cpu_3.o
 .bss           0x0000311c        0x0 obj/default/src_3/delay_asm.o
 .bss           0x0000311c        0x0 /opt/altera/13.0sp1/nios2eds/bin/gnu/H-i686-pc-linux-gnu/bin/../lib/gcc/nios2-elf/4.1.2/mno-hw-mul/libgcc.a(lib2-mul.o)
 .bss           0x0000311c        0x0 ../../bsp/mpsoc_hello_mpsoc_3//libhal_bsp.a(alt_load.o)
 .bss           0x0000311c        0x0 ../../bsp/mpsoc_hello_mpsoc_3//libhal_bsp.a(alt_main.o)
 .bss           0x0000311c        0x0 ../../bsp/mpsoc_hello_mpsoc_3//libhal_bsp.a(alt_sys_init.o)
 .bss           0x0000311c        0x0 ../../bsp/mpsoc_hello_mpsoc_3//libhal_bsp.a(altera_avalon_mutex.o)
 .bss           0x0000311c        0x0 ../../bsp/mpsoc_hello_mpsoc_3//libhal_bsp.a(alt_dcache_flush_all.o)
 .bss           0x0000311c        0x0 ../../bsp/mpsoc_hello_mpsoc_3//libhal_bsp.a(alt_dev_llist_insert.o)
 .bss           0x0000311c        0x0 ../../bsp/mpsoc_hello_mpsoc_3//libhal_bsp.a(alt_errno.o)
 .bss           0x0000311c        0x0 ../../bsp/mpsoc_hello_mpsoc_3//libhal_bsp.a(alt_find_dev.o)
 .bss           0x0000311c        0x0 ../../bsp/mpsoc_hello_mpsoc_3//libhal_bsp.a(alt_icache_flush_all.o)
 .bss           0x0000311c        0x0 ../../bsp/mpsoc_hello_mpsoc_3//libhal_bsp.a(altera_nios2_qsys_irq.o)
 .bss           0x0000311c        0x0 /opt/altera/13.0sp1/nios2eds/bin/gnu/H-i686-pc-linux-gnu/bin/../lib/gcc/nios2-elf/4.1.2/../../../../nios2-elf/lib/mno-hw-mul/libsmallc.a(lib_a-int_errno.o)
 .bss           0x0000311c        0x0 /opt/altera/13.0sp1/nios2eds/bin/gnu/H-i686-pc-linux-gnu/bin/../lib/gcc/nios2-elf/4.1.2/../../../../nios2-elf/lib/mno-hw-mul/libsmallc.a(lib_a-memcmp.o)
 .bss           0x0000311c        0x0 /opt/altera/13.0sp1/nios2eds/bin/gnu/H-i686-pc-linux-gnu/bin/../lib/gcc/nios2-elf/4.1.2/../../../../nios2-elf/lib/mno-hw-mul/libsmallc.a(lib_a-strlen.o)
 *(COMMON)
                0x0000311c                . = ALIGN (0x4)
                0x0000311c                __bss_end = ABSOLUTE (.)

.onchip_3       0x0000311c        0x0
                0x0000311c                PROVIDE (_alt_partition_onchip_3_start, ABSOLUTE (.))
 *(.onchip_3. onchip_3.*)
                0x0000311c                . = ALIGN (0x4)
                0x0000311c                PROVIDE (_alt_partition_onchip_3_end, ABSOLUTE (.))
                0x0000311c                _end = ABSOLUTE (.)
                0x0000311c                end = ABSOLUTE (.)
                0x0000311c                __alt_stack_base = ABSOLUTE (.)
                0x0000311c                PROVIDE (_alt_partition_onchip_3_load_addr, LOADADDR (.onchip_3))

.shared_onchip  0x00102000        0x0 load address 0x0000311c
                0x00102000                PROVIDE (_alt_partition_shared_onchip_start, ABSOLUTE (.))
 *(.shared_onchip. shared_onchip.*)
                0x00102000                . = ALIGN (0x4)
                0x00102000                PROVIDE (_alt_partition_shared_onchip_end, ABSOLUTE (.))
                0x0000311c                PROVIDE (_alt_partition_shared_onchip_load_addr, LOADADDR (.shared_onchip))

.stab
 *(.stab)

.stabstr
 *(.stabstr)

.stab.excl
 *(.stab.excl)

.stab.exclstr
 *(.stab.exclstr)

.stab.index
 *(.stab.index)

.stab.indexstr
 *(.stab.indexstr)

.comment        0x00000000       0x26
 *(.comment)
 .comment       0x00000000       0x26 obj/default/src_3/cpu_3.o
                                 0x27 (size before relaxing)
 .comment       0x00000000       0x27 /opt/altera/13.0sp1/nios2eds/bin/gnu/H-i686-pc-linux-gnu/bin/../lib/gcc/nios2-elf/4.1.2/mno-hw-mul/libgcc.a(lib2-mul.o)
 .comment       0x00000000       0x27 ../../bsp/mpsoc_hello_mpsoc_3//libhal_bsp.a(alt_load.o)
 .comment       0x00000000       0x27 ../../bsp/mpsoc_hello_mpsoc_3//libhal_bsp.a(alt_main.o)
 .comment       0x00000000       0x27 ../../bsp/mpsoc_hello_mpsoc_3//libhal_bsp.a(alt_sys_init.o)
 .comment       0x00000000       0x27 ../../bsp/mpsoc_hello_mpsoc_3//libhal_bsp.a(altera_avalon_mutex.o)
 .comment       0x00000000       0x27 ../../bsp/mpsoc_hello_mpsoc_3//libhal_bsp.a(alt_dcache_flush_all.o)
 .comment       0x00000000       0x27 ../../bsp/mpsoc_hello_mpsoc_3//libhal_bsp.a(alt_dev_llist_insert.o)
 .comment       0x00000000       0x27 ../../bsp/mpsoc_hello_mpsoc_3//libhal_bsp.a(alt_errno.o)
 .comment       0x00000000       0x27 ../../bsp/mpsoc_hello_mpsoc_3//libhal_bsp.a(alt_find_dev.o)
 .comment       0x00000000       0x27 ../../bsp/mpsoc_hello_mpsoc_3//libhal_bsp.a(alt_icache_flush_all.o)
 .comment       0x00000000       0x27 ../../bsp/mpsoc_hello_mpsoc_3//libhal_bsp.a(altera_nios2_qsys_irq.o)
 .comment       0x00000000       0x27 /opt/altera/13.0sp1/nios2eds/bin/gnu/H-i686-pc-linux-gnu/bin/../lib/gcc/nios2-elf/4.1.2/../../../../nios2-elf/lib/mno-hw-mul/libsmallc.a(lib_a-int_errno.o)
 .comment       0x00000000       0x27 /opt/altera/13.0sp1/nios2eds/bin/gnu/H-i686-pc-linux-gnu/bin/../lib/gcc/nios2-elf/4.1.2/../../../../nios2-elf/lib/mno-hw-mul/libsmallc.a(lib_a-memcmp.o)
 .comment       0x00000000       0x27 /opt/altera/13.0sp1/nios2eds/bin/gnu/H-i686-pc-linux-gnu/bin/../lib/gcc/nios2-elf/4.1.2/../../../../nios2-elf/lib/mno-hw-mul/libsmallc.a(lib_a-strlen.o)

.debug
 *(.debug)

.line
 *(.line)

.debug_srcinfo
 *(.debug_srcinfo)

.debug_sfnames
 *(.debug_sfnames)

.debug_aranges  0x00000000       0xc8
 *(.debug_aranges)
 .debug_aranges
                0x00000000       0x28 ../../bsp/mpsoc_hello_mpsoc_3//obj/HAL/src/crt0.o
 .debug_aranges
                0x00000028       0x20 obj/default/src_3/cpu_3.o
 .debug_aranges
                0x00000048       0x20 obj/default/src_3/delay_asm.o
 .debug_aranges
                0x00000068       0x20 /opt/altera/13.0sp1/nios2eds/bin/gnu/H-i686-pc-linux-gnu/bin/../lib/gcc/nios2-elf/4.1.2/mno-hw-mul/libgcc.a(lib2-mul.o)
 .debug_aranges
                0x00000088       0x20 /opt/altera/13.0sp1/nios2eds/bin/gnu/H-i686-pc-linux-gnu/bin/../lib/gcc/nios2-elf/4.1.2/../../../../nios2-elf/lib/mno-hw-mul/libsmallc.a(lib_a-memcmp.o)
 .debug_aranges
                0x000000a8       0x20 /opt/altera/13.0sp1/nios2eds/bin/gnu/H-i686-pc-linux-gnu/bin/../lib/gcc/nios2-elf/4.1.2/../../../../nios2-elf/lib/mno-hw-mul/libsmallc.a(lib_a-strlen.o)

.debug_pubnames
                0x00000000       0xb2
 *(.debug_pubnames)
 .debug_pubnames
                0x00000000       0x3d obj/default/src_3/cpu_3.o
 .debug_pubnames
                0x0000003d       0x1f /opt/altera/13.0sp1/nios2eds/bin/gnu/H-i686-pc-linux-gnu/bin/../lib/gcc/nios2-elf/4.1.2/mno-hw-mul/libgcc.a(lib2-mul.o)
 .debug_pubnames
                0x0000005c       0x1c /opt/altera/13.0sp1/nios2eds/bin/gnu/H-i686-pc-linux-gnu/bin/../lib/gcc/nios2-elf/4.1.2/../../../../nios2-elf/lib/mno-hw-mul/libsmallc.a(lib_a-int_errno.o)
 .debug_pubnames
                0x00000078       0x1d /opt/altera/13.0sp1/nios2eds/bin/gnu/H-i686-pc-linux-gnu/bin/../lib/gcc/nios2-elf/4.1.2/../../../../nios2-elf/lib/mno-hw-mul/libsmallc.a(lib_a-memcmp.o)
 .debug_pubnames
                0x00000095       0x1d /opt/altera/13.0sp1/nios2eds/bin/gnu/H-i686-pc-linux-gnu/bin/../lib/gcc/nios2-elf/4.1.2/../../../../nios2-elf/lib/mno-hw-mul/libsmallc.a(lib_a-strlen.o)

.debug_info     0x00000000      0x84a
 *(.debug_info .gnu.linkonce.wi.*)
 .debug_info    0x00000000       0x6c ../../bsp/mpsoc_hello_mpsoc_3//obj/HAL/src/crt0.o
 .debug_info    0x0000006c      0x443 obj/default/src_3/cpu_3.o
 .debug_info    0x000004af       0x6b obj/default/src_3/delay_asm.o
 .debug_info    0x0000051a       0xf3 /opt/altera/13.0sp1/nios2eds/bin/gnu/H-i686-pc-linux-gnu/bin/../lib/gcc/nios2-elf/4.1.2/mno-hw-mul/libgcc.a(lib2-mul.o)
 .debug_info    0x0000060d       0x8c /opt/altera/13.0sp1/nios2eds/bin/gnu/H-i686-pc-linux-gnu/bin/../lib/gcc/nios2-elf/4.1.2/../../../../nios2-elf/lib/mno-hw-mul/libsmallc.a(lib_a-int_errno.o)
 .debug_info    0x00000699       0xef /opt/altera/13.0sp1/nios2eds/bin/gnu/H-i686-pc-linux-gnu/bin/../lib/gcc/nios2-elf/4.1.2/../../../../nios2-elf/lib/mno-hw-mul/libsmallc.a(lib_a-memcmp.o)
 .debug_info    0x00000788       0xc2 /opt/altera/13.0sp1/nios2eds/bin/gnu/H-i686-pc-linux-gnu/bin/../lib/gcc/nios2-elf/4.1.2/../../../../nios2-elf/lib/mno-hw-mul/libsmallc.a(lib_a-strlen.o)

.debug_abbrev   0x00000000      0x348
 *(.debug_abbrev)
 .debug_abbrev  0x00000000       0x12 ../../bsp/mpsoc_hello_mpsoc_3//obj/HAL/src/crt0.o
 .debug_abbrev  0x00000012      0x176 obj/default/src_3/cpu_3.o
 .debug_abbrev  0x00000188       0x14 obj/default/src_3/delay_asm.o
 .debug_abbrev  0x0000019c       0x7b /opt/altera/13.0sp1/nios2eds/bin/gnu/H-i686-pc-linux-gnu/bin/../lib/gcc/nios2-elf/4.1.2/mno-hw-mul/libgcc.a(lib2-mul.o)
 .debug_abbrev  0x00000217       0x3b /opt/altera/13.0sp1/nios2eds/bin/gnu/H-i686-pc-linux-gnu/bin/../lib/gcc/nios2-elf/4.1.2/../../../../nios2-elf/lib/mno-hw-mul/libsmallc.a(lib_a-int_errno.o)
 .debug_abbrev  0x00000252       0x7c /opt/altera/13.0sp1/nios2eds/bin/gnu/H-i686-pc-linux-gnu/bin/../lib/gcc/nios2-elf/4.1.2/../../../../nios2-elf/lib/mno-hw-mul/libsmallc.a(lib_a-memcmp.o)
 .debug_abbrev  0x000002ce       0x7a /opt/altera/13.0sp1/nios2eds/bin/gnu/H-i686-pc-linux-gnu/bin/../lib/gcc/nios2-elf/4.1.2/../../../../nios2-elf/lib/mno-hw-mul/libsmallc.a(lib_a-strlen.o)

.debug_line     0x00000000     0x13be
 *(.debug_line)
 .debug_line    0x00000000       0x66 ../../bsp/mpsoc_hello_mpsoc_3//obj/HAL/src/crt0.o
 .debug_line    0x00000066      0xadf obj/default/src_3/cpu_3.o
 .debug_line    0x00000b45       0x46 obj/default/src_3/delay_asm.o
 .debug_line    0x00000b8b      0x191 /opt/altera/13.0sp1/nios2eds/bin/gnu/H-i686-pc-linux-gnu/bin/../lib/gcc/nios2-elf/4.1.2/mno-hw-mul/libgcc.a(lib2-mul.o)
 .debug_line    0x00000d1c      0x1e2 /opt/altera/13.0sp1/nios2eds/bin/gnu/H-i686-pc-linux-gnu/bin/../lib/gcc/nios2-elf/4.1.2/../../../../nios2-elf/lib/mno-hw-mul/libsmallc.a(lib_a-int_errno.o)
 .debug_line    0x00000efe      0x270 /opt/altera/13.0sp1/nios2eds/bin/gnu/H-i686-pc-linux-gnu/bin/../lib/gcc/nios2-elf/4.1.2/../../../../nios2-elf/lib/mno-hw-mul/libsmallc.a(lib_a-memcmp.o)
 .debug_line    0x0000116e      0x250 /opt/altera/13.0sp1/nios2eds/bin/gnu/H-i686-pc-linux-gnu/bin/../lib/gcc/nios2-elf/4.1.2/../../../../nios2-elf/lib/mno-hw-mul/libsmallc.a(lib_a-strlen.o)

.debug_frame    0x00000000       0xe4
 *(.debug_frame)
 .debug_frame   0x00000000       0x84 obj/default/src_3/cpu_3.o
 .debug_frame   0x00000084       0x20 /opt/altera/13.0sp1/nios2eds/bin/gnu/H-i686-pc-linux-gnu/bin/../lib/gcc/nios2-elf/4.1.2/mno-hw-mul/libgcc.a(lib2-mul.o)
 .debug_frame   0x000000a4       0x20 /opt/altera/13.0sp1/nios2eds/bin/gnu/H-i686-pc-linux-gnu/bin/../lib/gcc/nios2-elf/4.1.2/../../../../nios2-elf/lib/mno-hw-mul/libsmallc.a(lib_a-memcmp.o)
 .debug_frame   0x000000c4       0x20 /opt/altera/13.0sp1/nios2eds/bin/gnu/H-i686-pc-linux-gnu/bin/../lib/gcc/nios2-elf/4.1.2/../../../../nios2-elf/lib/mno-hw-mul/libsmallc.a(lib_a-strlen.o)

.debug_str      0x00000000      0x44b
 *(.debug_str)
 .debug_str     0x00000000      0x160 obj/default/src_3/cpu_3.o
                                0x1a5 (size before relaxing)
 .debug_str     0x00000160       0xd1 /opt/altera/13.0sp1/nios2eds/bin/gnu/H-i686-pc-linux-gnu/bin/../lib/gcc/nios2-elf/4.1.2/mno-hw-mul/libgcc.a(lib2-mul.o)
                                0x17a (size before relaxing)
 .debug_str     0x00000231       0xe1 /opt/altera/13.0sp1/nios2eds/bin/gnu/H-i686-pc-linux-gnu/bin/../lib/gcc/nios2-elf/4.1.2/../../../../nios2-elf/lib/mno-hw-mul/libsmallc.a(lib_a-int_errno.o)
                                0x17c (size before relaxing)
 .debug_str     0x00000312       0xee /opt/altera/13.0sp1/nios2eds/bin/gnu/H-i686-pc-linux-gnu/bin/../lib/gcc/nios2-elf/4.1.2/../../../../nios2-elf/lib/mno-hw-mul/libsmallc.a(lib_a-memcmp.o)
                                0x183 (size before relaxing)
 .debug_str     0x00000400       0x4b /opt/altera/13.0sp1/nios2eds/bin/gnu/H-i686-pc-linux-gnu/bin/../lib/gcc/nios2-elf/4.1.2/../../../../nios2-elf/lib/mno-hw-mul/libsmallc.a(lib_a-strlen.o)
                                0x189 (size before relaxing)

.debug_loc      0x00000000      0x756
 *(.debug_loc)
 .debug_loc     0x00000000      0x679 obj/default/src_3/cpu_3.o
 .debug_loc     0x00000679       0x4f /opt/altera/13.0sp1/nios2eds/bin/gnu/H-i686-pc-linux-gnu/bin/../lib/gcc/nios2-elf/4.1.2/mno-hw-mul/libgcc.a(lib2-mul.o)
 .debug_loc     0x000006c8       0x70 /opt/altera/13.0sp1/nios2eds/bin/gnu/H-i686-pc-linux-gnu/bin/../lib/gcc/nios2-elf/4.1.2/../../../../nios2-elf/lib/mno-hw-mul/libsmallc.a(lib_a-memcmp.o)
 .debug_loc     0x00000738       0x1e /opt/altera/13.0sp1/nios2eds/bin/gnu/H-i686-pc-linux-gnu/bin/../lib/gcc/nios2-elf/4.1.2/../../../../nios2-elf/lib/mno-hw-mul/libsmallc.a(lib_a-strlen.o)

.debug_macinfo
 *(.debug_macinfo)

.debug_weaknames
 *(.debug_weaknames)

.debug_funcnames
 *(.debug_funcnames)

.debug_typenames
 *(.debug_typenames)

.debug_varnames
 *(.debug_varnames)

.debug_alt_sim_info
                0x00000000       0x10
 *(.debug_alt_sim_info)
 .debug_alt_sim_info
                0x00000000       0x10 ../../bsp/mpsoc_hello_mpsoc_3//obj/HAL/src/crt0.o
                0x00004000                __alt_data_end = 0x4000
                0x00004000                PROVIDE (__alt_stack_pointer, __alt_data_end)
                0x0000311c                PROVIDE (__alt_stack_limit, __alt_stack_base)
                0x0000311c                PROVIDE (__alt_heap_start, end)
                0x00004000                PROVIDE (__alt_heap_limit, 0x4000)
OUTPUT(hello_mpsoc_3.elf elf32-littlenios2)

.debug_ranges   0x00000000       0x20
 .debug_ranges  0x00000000       0x20 ../../bsp/mpsoc_hello_mpsoc_3//obj/HAL/src/crt0.o
