Archive member included because of file (symbol)

/opt/altera/13.0sp1/nios2eds/bin/gnu/H-i686-pc-linux-gnu/bin/../lib/gcc/nios2-elf/4.1.2/mno-hw-mul/libgcc.a(lib2-mul.o)
                              obj/default/src_4/cpu_4.o (__mulsi3)
/opt/altera/13.0sp1/nios2eds/bin/gnu/H-i686-pc-linux-gnu/bin/../lib/gcc/nios2-elf/4.1.2/../../../../nios2-elf/lib/mno-hw-mul/libsmallc.a(lib_a-memcpy.o)
                              obj/default/src_4/cpu_4.o (memcpy)
/opt/altera/13.0sp1/nios2eds/bin/gnu/H-i686-pc-linux-gnu/bin/../lib/gcc/nios2-elf/4.1.2/../../../../nios2-elf/lib/mno-hw-mul/libsmallc.a(lib_a-printf.o)
                              obj/default/src_4/cpu_4.o (printf)
/opt/altera/13.0sp1/nios2eds/bin/gnu/H-i686-pc-linux-gnu/bin/../lib/gcc/nios2-elf/4.1.2/../../../../nios2-elf/lib/mno-hw-mul/libsmallc.a(lib_a-vfprintf.o)
                              /opt/altera/13.0sp1/nios2eds/bin/gnu/H-i686-pc-linux-gnu/bin/../lib/gcc/nios2-elf/4.1.2/../../../../nios2-elf/lib/mno-hw-mul/libsmallc.a(lib_a-printf.o) (___vfprintf_internal_r)
/opt/altera/13.0sp1/nios2eds/bin/gnu/H-i686-pc-linux-gnu/bin/../lib/gcc/nios2-elf/4.1.2/../../../../nios2-elf/lib/mno-hw-mul/libsmallc.a(lib_a-fvwrite_small_dev.o)
                              /opt/altera/13.0sp1/nios2eds/bin/gnu/H-i686-pc-linux-gnu/bin/../lib/gcc/nios2-elf/4.1.2/../../../../nios2-elf/lib/mno-hw-mul/libsmallc.a(lib_a-printf.o) (__sfvwrite_small_dev)
/opt/altera/13.0sp1/nios2eds/bin/gnu/H-i686-pc-linux-gnu/bin/../lib/gcc/nios2-elf/4.1.2/../../../../nios2-elf/lib/mno-hw-mul/libsmallc.a(lib_a-impure.o)
                              /opt/altera/13.0sp1/nios2eds/bin/gnu/H-i686-pc-linux-gnu/bin/../lib/gcc/nios2-elf/4.1.2/../../../../nios2-elf/lib/mno-hw-mul/libsmallc.a(lib_a-printf.o) (_impure_ptr)
/opt/altera/13.0sp1/nios2eds/bin/gnu/H-i686-pc-linux-gnu/bin/../lib/gcc/nios2-elf/4.1.2/../../../../nios2-elf/lib/mno-hw-mul/libsmallc.a(lib_a-strlen.o)
                              /opt/altera/13.0sp1/nios2eds/bin/gnu/H-i686-pc-linux-gnu/bin/../lib/gcc/nios2-elf/4.1.2/../../../../nios2-elf/lib/mno-hw-mul/libsmallc.a(lib_a-vfprintf.o) (strlen)
/opt/altera/13.0sp1/nios2eds/bin/gnu/H-i686-pc-linux-gnu/bin/../lib/gcc/nios2-elf/4.1.2/../../../../nios2-elf/lib/mno-hw-mul/libsmallc.a(lib_a-writer.o)
                              /opt/altera/13.0sp1/nios2eds/bin/gnu/H-i686-pc-linux-gnu/bin/../lib/gcc/nios2-elf/4.1.2/../../../../nios2-elf/lib/mno-hw-mul/libsmallc.a(lib_a-fvwrite_small_dev.o) (_write_r)
/opt/altera/13.0sp1/nios2eds/bin/gnu/H-i686-pc-linux-gnu/bin/../lib/gcc/nios2-elf/4.1.2/../../../../nios2-elf/lib/mno-hw-mul/libsmallc.a(lib_a-int_errno.o)
                              /opt/altera/13.0sp1/nios2eds/bin/gnu/H-i686-pc-linux-gnu/bin/../lib/gcc/nios2-elf/4.1.2/../../../../nios2-elf/lib/mno-hw-mul/libsmallc.a(lib_a-writer.o) (errno)
/opt/altera/13.0sp1/nios2eds/bin/gnu/H-i686-pc-linux-gnu/bin/../lib/gcc/nios2-elf/4.1.2/mno-hw-mul/libgcc.a(lib2-divmod.o)
                              /opt/altera/13.0sp1/nios2eds/bin/gnu/H-i686-pc-linux-gnu/bin/../lib/gcc/nios2-elf/4.1.2/../../../../nios2-elf/lib/mno-hw-mul/libsmallc.a(lib_a-vfprintf.o) (__udivsi3)
../../bsp/mpsoc_hello_mpsoc_4//libhal_bsp.a(alt_load.o)
                              ../../bsp/mpsoc_hello_mpsoc_4//obj/HAL/src/crt0.o (alt_load)
../../bsp/mpsoc_hello_mpsoc_4//libhal_bsp.a(alt_main.o)
                              ../../bsp/mpsoc_hello_mpsoc_4//obj/HAL/src/crt0.o (alt_main)
../../bsp/mpsoc_hello_mpsoc_4//libhal_bsp.a(alt_printf.o)
                              obj/default/src_4/cpu_4.o (alt_printf)
../../bsp/mpsoc_hello_mpsoc_4//libhal_bsp.a(alt_putchar.o)
                              ../../bsp/mpsoc_hello_mpsoc_4//libhal_bsp.a(alt_printf.o) (alt_putchar)
../../bsp/mpsoc_hello_mpsoc_4//libhal_bsp.a(alt_write.o)
                              /opt/altera/13.0sp1/nios2eds/bin/gnu/H-i686-pc-linux-gnu/bin/../lib/gcc/nios2-elf/4.1.2/../../../../nios2-elf/lib/mno-hw-mul/libsmallc.a(lib_a-writer.o) (write)
../../bsp/mpsoc_hello_mpsoc_4//libhal_bsp.a(alt_sys_init.o)
                              ../../bsp/mpsoc_hello_mpsoc_4//libhal_bsp.a(alt_main.o) (alt_irq_init)
../../bsp/mpsoc_hello_mpsoc_4//libhal_bsp.a(altera_avalon_jtag_uart_write.o)
                              ../../bsp/mpsoc_hello_mpsoc_4//libhal_bsp.a(alt_putchar.o) (altera_avalon_jtag_uart_write)
../../bsp/mpsoc_hello_mpsoc_4//libhal_bsp.a(altera_avalon_mutex.o)
                              obj/default/src_4/cpu_4.o (altera_avalon_mutex_unlock)
../../bsp/mpsoc_hello_mpsoc_4//libhal_bsp.a(alt_dcache_flush_all.o)
                              ../../bsp/mpsoc_hello_mpsoc_4//libhal_bsp.a(alt_load.o) (alt_dcache_flush_all)
../../bsp/mpsoc_hello_mpsoc_4//libhal_bsp.a(alt_dev_llist_insert.o)
                              ../../bsp/mpsoc_hello_mpsoc_4//libhal_bsp.a(alt_sys_init.o) (alt_dev_llist_insert)
../../bsp/mpsoc_hello_mpsoc_4//libhal_bsp.a(alt_errno.o)
                              ../../bsp/mpsoc_hello_mpsoc_4//libhal_bsp.a(alt_write.o) (alt_errno)
../../bsp/mpsoc_hello_mpsoc_4//libhal_bsp.a(alt_find_dev.o)
                              ../../bsp/mpsoc_hello_mpsoc_4//libhal_bsp.a(altera_avalon_mutex.o) (alt_find_dev)
../../bsp/mpsoc_hello_mpsoc_4//libhal_bsp.a(alt_icache_flush_all.o)
                              ../../bsp/mpsoc_hello_mpsoc_4//libhal_bsp.a(alt_load.o) (alt_icache_flush_all)
../../bsp/mpsoc_hello_mpsoc_4//libhal_bsp.a(altera_nios2_qsys_irq.o)
                              ../../bsp/mpsoc_hello_mpsoc_4//libhal_bsp.a(alt_sys_init.o) (altera_nios2_qsys_irq_init)
/opt/altera/13.0sp1/nios2eds/bin/gnu/H-i686-pc-linux-gnu/bin/../lib/gcc/nios2-elf/4.1.2/../../../../nios2-elf/lib/mno-hw-mul/libsmallc.a(lib_a-memcmp.o)
                              ../../bsp/mpsoc_hello_mpsoc_4//libhal_bsp.a(alt_find_dev.o) (memcmp)

Allocating common symbols
Common symbol       size              file

errno               0x4               /opt/altera/13.0sp1/nios2eds/bin/gnu/H-i686-pc-linux-gnu/bin/../lib/gcc/nios2-elf/4.1.2/../../../../nios2-elf/lib/mno-hw-mul/libsmallc.a(lib_a-int_errno.o)

Memory Configuration

Name             Origin             Length             Attributes
reset            0x00002000         0x00000020
onchip_4         0x00002020         0x00001fe0
shared_onchip    0x00102000         0x00002000
*default*        0x00000000         0xffffffff

Linker script and memory map

LOAD ../../bsp/mpsoc_hello_mpsoc_4//obj/HAL/src/crt0.o
                0x0000200c                exit = _exit
LOAD obj/default/src_4/cpu_4.o
LOAD /opt/altera/13.0sp1/nios2eds/bin/gnu/H-i686-pc-linux-gnu/bin/../lib/gcc/nios2-elf/4.1.2/../../../../nios2-elf/lib/mno-hw-mul/libstdc++.a
LOAD /opt/altera/13.0sp1/nios2eds/bin/gnu/H-i686-pc-linux-gnu/bin/../lib/gcc/nios2-elf/4.1.2/../../../../nios2-elf/lib/mno-hw-mul/libm.a
LOAD /opt/altera/13.0sp1/nios2eds/bin/gnu/H-i686-pc-linux-gnu/bin/../lib/gcc/nios2-elf/4.1.2/mno-hw-mul/libgcc.a
START GROUP
LOAD /opt/altera/13.0sp1/nios2eds/bin/gnu/H-i686-pc-linux-gnu/bin/../lib/gcc/nios2-elf/4.1.2/../../../../nios2-elf/lib/mno-hw-mul/libsmallc.a
LOAD /opt/altera/13.0sp1/nios2eds/bin/gnu/H-i686-pc-linux-gnu/bin/../lib/gcc/nios2-elf/4.1.2/mno-hw-mul/libgcc.a
LOAD ../../bsp/mpsoc_hello_mpsoc_4//libhal_bsp.a
END GROUP
LOAD /opt/altera/13.0sp1/nios2eds/bin/gnu/H-i686-pc-linux-gnu/bin/../lib/gcc/nios2-elf/4.1.2/mno-hw-mul/libgcc.a
                0x00002000                __alt_mem_onchip_4 = 0x2000
                0x00102000                __alt_mem_shared_onchip = 0x102000

.entry          0x00002000       0x20
 *(.entry)
 .entry         0x00002000       0x20 ../../bsp/mpsoc_hello_mpsoc_4//obj/HAL/src/crt0.o
                0x00002000                __reset
                0x0000200c                _exit

.exceptions     0x00002020        0x0
                0x00002020                PROVIDE (__ram_exceptions_start, ABSOLUTE (.))
                0x00002020                . = ALIGN (0x20)
 *(.irq)
 *(.exceptions.entry.label)
 *(.exceptions.entry.user)
 *(.exceptions.entry)
 *(.exceptions.irqtest.user)
 *(.exceptions.irqtest)
 *(.exceptions.irqhandler.user)
 *(.exceptions.irqhandler)
 *(.exceptions.irqreturn.user)
 *(.exceptions.irqreturn)
 *(.exceptions.notirq.label)
 *(.exceptions.notirq.user)
 *(.exceptions.notirq)
 *(.exceptions.soft.user)
 *(.exceptions.soft)
 *(.exceptions.unknown.user)
 *(.exceptions.unknown)
 *(.exceptions.exit.label)
 *(.exceptions.exit.user)
 *(.exceptions.exit)
 *(.exceptions)
                0x00002020                PROVIDE (__ram_exceptions_end, ABSOLUTE (.))
                0x00002020                PROVIDE (__flash_exceptions_start, LOADADDR (.exceptions))

.text           0x00002020     0x14e0
                0x00002020                PROVIDE (stext, ABSOLUTE (.))
 *(.interp)
 *(.hash)
 *(.dynsym)
 *(.dynstr)
 *(.gnu.version)
 *(.gnu.version_d)
 *(.gnu.version_r)
 *(.rel.init)
 *(.rela.init)
 *(.rel.text .rel.text.* .rel.gnu.linkonce.t.*)
 *(.rela.text .rela.text.* .rela.gnu.linkonce.t.*)
 *(.rel.fini)
 *(.rela.fini)
 *(.rel.rodata .rel.rodata.* .rel.gnu.linkonce.r.*)
 *(.rela.rodata .rela.rodata.* .rela.gnu.linkonce.r.*)
 *(.rel.data .rel.data.* .rel.gnu.linkonce.d.*)
 *(.rela.data .rela.data.* .rela.gnu.linkonce.d.*)
 *(.rel.tdata .rel.tdata.* .rel.gnu.linkonce.td.*)
 *(.rela.tdata .rela.tdata.* .rela.gnu.linkonce.td.*)
 *(.rel.tbss .rel.tbss.* .rel.gnu.linkonce.tb.*)
 *(.rela.tbss .rela.tbss.* .rela.gnu.linkonce.tb.*)
 *(.rel.ctors)
 *(.rela.ctors)
 *(.rel.dtors)
 *(.rela.dtors)
 *(.rel.got)
 *(.rela.got)
 *(.rel.sdata .rel.sdata.* .rel.gnu.linkonce.s.*)
 *(.rela.sdata .rela.sdata.* .rela.gnu.linkonce.s.*)
 *(.rel.sbss .rel.sbss.* .rel.gnu.linkonce.sb.*)
 *(.rela.sbss .rela.sbss.* .rela.gnu.linkonce.sb.*)
 *(.rel.sdata2 .rel.sdata2.* .rel.gnu.linkonce.s2.*)
 *(.rela.sdata2 .rela.sdata2.* .rela.gnu.linkonce.s2.*)
 *(.rel.sbss2 .rel.sbss2.* .rel.gnu.linkonce.sb2.*)
 *(.rela.sbss2 .rela.sbss2.* .rela.gnu.linkonce.sb2.*)
 *(.rel.bss .rel.bss.* .rel.gnu.linkonce.b.*)
 *(.rela.bss .rela.bss.* .rela.gnu.linkonce.b.*)
 *(.rel.plt)
 *(.rela.plt)
 *(.rel.dyn)
 *(.init)
 *(.plt)
 *(.text .stub .text.* .gnu.linkonce.t.*)
 .text          0x00002020       0x3c ../../bsp/mpsoc_hello_mpsoc_4//obj/HAL/src/crt0.o
                0x00002020                _start
 .text          0x0000205c      0x378 obj/default/src_4/cpu_4.o
                0x0000205c                ascii
                0x000021fc                main
 .text          0x000023d4       0x38 /opt/altera/13.0sp1/nios2eds/bin/gnu/H-i686-pc-linux-gnu/bin/../lib/gcc/nios2-elf/4.1.2/mno-hw-mul/libgcc.a(lib2-mul.o)
                0x000023d4                __mulsi3
 .text          0x0000240c       0x2c /opt/altera/13.0sp1/nios2eds/bin/gnu/H-i686-pc-linux-gnu/bin/../lib/gcc/nios2-elf/4.1.2/../../../../nios2-elf/lib/mno-hw-mul/libsmallc.a(lib_a-memcpy.o)
                0x0000240c                memcpy
 .text          0x00002438       0x98 /opt/altera/13.0sp1/nios2eds/bin/gnu/H-i686-pc-linux-gnu/bin/../lib/gcc/nios2-elf/4.1.2/../../../../nios2-elf/lib/mno-hw-mul/libsmallc.a(lib_a-printf.o)
                0x00002438                printf
                0x0000248c                _printf_r
 .text          0x000024d0      0x740 /opt/altera/13.0sp1/nios2eds/bin/gnu/H-i686-pc-linux-gnu/bin/../lib/gcc/nios2-elf/4.1.2/../../../../nios2-elf/lib/mno-hw-mul/libsmallc.a(lib_a-vfprintf.o)
                0x00002550                ___vfprintf_internal_r
                0x00002bec                __vfprintf_internal
 .text          0x00002c10       0xbc /opt/altera/13.0sp1/nios2eds/bin/gnu/H-i686-pc-linux-gnu/bin/../lib/gcc/nios2-elf/4.1.2/../../../../nios2-elf/lib/mno-hw-mul/libsmallc.a(lib_a-fvwrite_small_dev.o)
                0x00002c10                __sfvwrite_small_dev
 .text          0x00002ccc        0x0 /opt/altera/13.0sp1/nios2eds/bin/gnu/H-i686-pc-linux-gnu/bin/../lib/gcc/nios2-elf/4.1.2/../../../../nios2-elf/lib/mno-hw-mul/libsmallc.a(lib_a-impure.o)
 .text          0x00002ccc       0x20 /opt/altera/13.0sp1/nios2eds/bin/gnu/H-i686-pc-linux-gnu/bin/../lib/gcc/nios2-elf/4.1.2/../../../../nios2-elf/lib/mno-hw-mul/libsmallc.a(lib_a-strlen.o)
                0x00002ccc                strlen
 .text          0x00002cec       0x78 /opt/altera/13.0sp1/nios2eds/bin/gnu/H-i686-pc-linux-gnu/bin/../lib/gcc/nios2-elf/4.1.2/../../../../nios2-elf/lib/mno-hw-mul/libsmallc.a(lib_a-writer.o)
                0x00002cec                _write_r
 .text          0x00002d64        0x0 /opt/altera/13.0sp1/nios2eds/bin/gnu/H-i686-pc-linux-gnu/bin/../lib/gcc/nios2-elf/4.1.2/../../../../nios2-elf/lib/mno-hw-mul/libsmallc.a(lib_a-int_errno.o)
 .text          0x00002d64      0x14c /opt/altera/13.0sp1/nios2eds/bin/gnu/H-i686-pc-linux-gnu/bin/../lib/gcc/nios2-elf/4.1.2/mno-hw-mul/libgcc.a(lib2-divmod.o)
                0x00002de0                __divsi3
                0x00002e40                __modsi3
                0x00002ea0                __udivsi3
                0x00002ea8                __umodsi3
 .text          0x00002eb0       0xb4 ../../bsp/mpsoc_hello_mpsoc_4//libhal_bsp.a(alt_load.o)
                0x00002eb0                alt_load
 .text          0x00002f64       0x2c ../../bsp/mpsoc_hello_mpsoc_4//libhal_bsp.a(alt_main.o)
                0x00002f64                alt_main
 .text          0x00002f90      0x158 ../../bsp/mpsoc_hello_mpsoc_4//libhal_bsp.a(alt_printf.o)
                0x00002f90                alt_printf
 .text          0x000030e8       0x64 ../../bsp/mpsoc_hello_mpsoc_4//libhal_bsp.a(alt_putchar.o)
                0x000030e8                alt_putchar
 .text          0x0000314c       0x78 ../../bsp/mpsoc_hello_mpsoc_4//libhal_bsp.a(alt_write.o)
                0x0000314c                write
 .text          0x000031c4       0x90 ../../bsp/mpsoc_hello_mpsoc_4//libhal_bsp.a(alt_sys_init.o)
                0x000031c4                alt_irq_init
                0x000031e4                alt_sys_init
 .text          0x00003254       0x3c ../../bsp/mpsoc_hello_mpsoc_4//libhal_bsp.a(altera_avalon_jtag_uart_write.o)
                0x00003254                altera_avalon_jtag_uart_write
 .text          0x00003290      0x114 ../../bsp/mpsoc_hello_mpsoc_4//libhal_bsp.a(altera_avalon_mutex.o)
                0x00003290                altera_avalon_mutex_close
                0x00003294                altera_avalon_mutex_first_lock
                0x000032a4                altera_avalon_mutex_is_mine
                0x000032cc                altera_avalon_mutex_unlock
                0x000032ec                altera_avalon_mutex_open
                0x00003358                altera_avalon_mutex_lock
                0x0000337c                altera_avalon_mutex_trylock
 .text          0x000033a4        0x4 ../../bsp/mpsoc_hello_mpsoc_4//libhal_bsp.a(alt_dcache_flush_all.o)
                0x000033a4                alt_dcache_flush_all
 .text          0x000033a8       0x7c ../../bsp/mpsoc_hello_mpsoc_4//libhal_bsp.a(alt_dev_llist_insert.o)
                0x000033a8                alt_dev_llist_insert
 .text          0x00003424        0x0 ../../bsp/mpsoc_hello_mpsoc_4//libhal_bsp.a(alt_errno.o)
 .text          0x00003424       0x94 ../../bsp/mpsoc_hello_mpsoc_4//libhal_bsp.a(alt_find_dev.o)
                0x00003424                alt_find_dev
 .text          0x000034b8        0x4 ../../bsp/mpsoc_hello_mpsoc_4//libhal_bsp.a(alt_icache_flush_all.o)
                0x000034b8                alt_icache_flush_all
 .text          0x000034bc        0x8 ../../bsp/mpsoc_hello_mpsoc_4//libhal_bsp.a(altera_nios2_qsys_irq.o)
                0x000034bc                altera_nios2_qsys_irq_init
 .text          0x000034c4       0x3c /opt/altera/13.0sp1/nios2eds/bin/gnu/H-i686-pc-linux-gnu/bin/../lib/gcc/nios2-elf/4.1.2/../../../../nios2-elf/lib/mno-hw-mul/libsmallc.a(lib_a-memcmp.o)
                0x000034c4                memcmp
 *(.gnu.warning.*)
 *(.fini)
                0x00003500                PROVIDE (__etext, ABSOLUTE (.))
                0x00003500                PROVIDE (_etext, ABSOLUTE (.))
                0x00003500                PROVIDE (etext, ABSOLUTE (.))
 *(.eh_frame_hdr)
                0x00003500                . = ALIGN (0x4)
                0x00003500                PROVIDE (__preinit_array_start, ABSOLUTE (.))
 *(.preinit_array)
                0x00003500                PROVIDE (__preinit_array_end, ABSOLUTE (.))
                0x00003500                PROVIDE (__init_array_start, ABSOLUTE (.))
 *(.init_array)
                0x00003500                PROVIDE (__init_array_end, ABSOLUTE (.))
                0x00003500                PROVIDE (__fini_array_start, ABSOLUTE (.))
 *(.fini_array)
                0x00003500                PROVIDE (__fini_array_end, ABSOLUTE (.))
 *(.eh_frame)
 *(.gcc_except_table)
 *(.dynamic)
                0x00003500                PROVIDE (__CTOR_LIST__, ABSOLUTE (.))
 *(.ctors)
 *(SORT(.ctors.*))
                0x00003500                PROVIDE (__CTOR_END__, ABSOLUTE (.))
                0x00003500                PROVIDE (__DTOR_LIST__, ABSOLUTE (.))
 *(.dtors)
 *(SORT(.dtors.*))
                0x00003500                PROVIDE (__DTOR_END__, ABSOLUTE (.))
 *(.jcr)
                0x00003500                . = ALIGN (0x4)

.rodata         0x00003500       0x6c
                0x00003500                PROVIDE (__ram_rodata_start, ABSOLUTE (.))
                0x00003500                . = ALIGN (0x4)
 *(.rodata .rodata.* .gnu.linkonce.r.*)
 .rodata.str1.4
                0x00003500       0x19 obj/default/src_4/cpu_4.o
                                 0x1c (size before relaxing)
 .rodata        0x00003519       0x10 obj/default/src_4/cpu_4.o
 *fill*         0x00003529        0x3 00
 .rodata.str1.4
                0x0000352c       0x40 ../../bsp/mpsoc_hello_mpsoc_4//libhal_bsp.a(alt_sys_init.o)
                                 0x50 (size before relaxing)
 *(.rodata1)
                0x0000356c                . = ALIGN (0x4)
                0x0000356c                PROVIDE (__ram_rodata_end, ABSOLUTE (.))
                0x00003500                PROVIDE (__flash_rodata_start, LOADADDR (.rodata))

.rwdata         0x0000356c      0x148 load address 0x000036b4
                0x0000356c                PROVIDE (__ram_rwdata_start, ABSOLUTE (.))
                0x0000356c                . = ALIGN (0x4)
 *(.got.plt)
 *(.got)
 *(.data1)
 *(.data .data.* .gnu.linkonce.d.*)
 .data          0x0000356c        0x0 ../../bsp/mpsoc_hello_mpsoc_4//obj/HAL/src/crt0.o
 .data          0x0000356c        0x0 obj/default/src_4/cpu_4.o
 .data          0x0000356c        0x0 /opt/altera/13.0sp1/nios2eds/bin/gnu/H-i686-pc-linux-gnu/bin/../lib/gcc/nios2-elf/4.1.2/mno-hw-mul/libgcc.a(lib2-mul.o)
 .data          0x0000356c        0x0 /opt/altera/13.0sp1/nios2eds/bin/gnu/H-i686-pc-linux-gnu/bin/../lib/gcc/nios2-elf/4.1.2/../../../../nios2-elf/lib/mno-hw-mul/libsmallc.a(lib_a-memcpy.o)
 .data          0x0000356c        0x0 /opt/altera/13.0sp1/nios2eds/bin/gnu/H-i686-pc-linux-gnu/bin/../lib/gcc/nios2-elf/4.1.2/../../../../nios2-elf/lib/mno-hw-mul/libsmallc.a(lib_a-printf.o)
 .data          0x0000356c        0x0 /opt/altera/13.0sp1/nios2eds/bin/gnu/H-i686-pc-linux-gnu/bin/../lib/gcc/nios2-elf/4.1.2/../../../../nios2-elf/lib/mno-hw-mul/libsmallc.a(lib_a-vfprintf.o)
 .data          0x0000356c        0x0 /opt/altera/13.0sp1/nios2eds/bin/gnu/H-i686-pc-linux-gnu/bin/../lib/gcc/nios2-elf/4.1.2/../../../../nios2-elf/lib/mno-hw-mul/libsmallc.a(lib_a-fvwrite_small_dev.o)
 .data          0x0000356c       0xe0 /opt/altera/13.0sp1/nios2eds/bin/gnu/H-i686-pc-linux-gnu/bin/../lib/gcc/nios2-elf/4.1.2/../../../../nios2-elf/lib/mno-hw-mul/libsmallc.a(lib_a-impure.o)
 .data          0x0000364c        0x0 /opt/altera/13.0sp1/nios2eds/bin/gnu/H-i686-pc-linux-gnu/bin/../lib/gcc/nios2-elf/4.1.2/../../../../nios2-elf/lib/mno-hw-mul/libsmallc.a(lib_a-strlen.o)
 .data          0x0000364c        0x0 /opt/altera/13.0sp1/nios2eds/bin/gnu/H-i686-pc-linux-gnu/bin/../lib/gcc/nios2-elf/4.1.2/../../../../nios2-elf/lib/mno-hw-mul/libsmallc.a(lib_a-writer.o)
 .data          0x0000364c        0x0 /opt/altera/13.0sp1/nios2eds/bin/gnu/H-i686-pc-linux-gnu/bin/../lib/gcc/nios2-elf/4.1.2/../../../../nios2-elf/lib/mno-hw-mul/libsmallc.a(lib_a-int_errno.o)
 .data          0x0000364c        0x0 /opt/altera/13.0sp1/nios2eds/bin/gnu/H-i686-pc-linux-gnu/bin/../lib/gcc/nios2-elf/4.1.2/mno-hw-mul/libgcc.a(lib2-divmod.o)
 .data          0x0000364c        0x0 ../../bsp/mpsoc_hello_mpsoc_4//libhal_bsp.a(alt_load.o)
 .data          0x0000364c        0x0 ../../bsp/mpsoc_hello_mpsoc_4//libhal_bsp.a(alt_main.o)
 .data          0x0000364c        0x0 ../../bsp/mpsoc_hello_mpsoc_4//libhal_bsp.a(alt_printf.o)
 .data          0x0000364c        0x0 ../../bsp/mpsoc_hello_mpsoc_4//libhal_bsp.a(alt_putchar.o)
 .data          0x0000364c        0x0 ../../bsp/mpsoc_hello_mpsoc_4//libhal_bsp.a(alt_write.o)
 .data          0x0000364c       0x50 ../../bsp/mpsoc_hello_mpsoc_4//libhal_bsp.a(alt_sys_init.o)
 .data          0x0000369c        0x0 ../../bsp/mpsoc_hello_mpsoc_4//libhal_bsp.a(altera_avalon_jtag_uart_write.o)
 .data          0x0000369c        0x0 ../../bsp/mpsoc_hello_mpsoc_4//libhal_bsp.a(altera_avalon_mutex.o)
 .data          0x0000369c        0x0 ../../bsp/mpsoc_hello_mpsoc_4//libhal_bsp.a(alt_dcache_flush_all.o)
 .data          0x0000369c        0x0 ../../bsp/mpsoc_hello_mpsoc_4//libhal_bsp.a(alt_dev_llist_insert.o)
 .data          0x0000369c        0x0 ../../bsp/mpsoc_hello_mpsoc_4//libhal_bsp.a(alt_errno.o)
 .data          0x0000369c        0x0 ../../bsp/mpsoc_hello_mpsoc_4//libhal_bsp.a(alt_find_dev.o)
 .data          0x0000369c        0x0 ../../bsp/mpsoc_hello_mpsoc_4//libhal_bsp.a(alt_icache_flush_all.o)
 .data          0x0000369c        0x0 ../../bsp/mpsoc_hello_mpsoc_4//libhal_bsp.a(altera_nios2_qsys_irq.o)
 .data          0x0000369c        0x0 /opt/altera/13.0sp1/nios2eds/bin/gnu/H-i686-pc-linux-gnu/bin/../lib/gcc/nios2-elf/4.1.2/../../../../nios2-elf/lib/mno-hw-mul/libsmallc.a(lib_a-memcmp.o)
                0x0000b69c                _gp = ABSOLUTE ((. + 0x8000))
                0x0000b69c                PROVIDE (gp, _gp)
 *(.rwdata .rwdata.*)
 *(.sdata .sdata.* .gnu.linkonce.s.*)
 .sdata         0x0000369c        0x8 /opt/altera/13.0sp1/nios2eds/bin/gnu/H-i686-pc-linux-gnu/bin/../lib/gcc/nios2-elf/4.1.2/../../../../nios2-elf/lib/mno-hw-mul/libsmallc.a(lib_a-impure.o)
                0x0000369c                _impure_ptr
                0x000036a0                _global_impure_ptr
 .sdata         0x000036a4        0x4 ../../bsp/mpsoc_hello_mpsoc_4//libhal_bsp.a(alt_sys_init.o)
                0x000036a4                jtag_uart_4
 .sdata         0x000036a8        0x8 ../../bsp/mpsoc_hello_mpsoc_4//libhal_bsp.a(altera_avalon_mutex.o)
                0x000036a8                alt_mutex_list
 .sdata         0x000036b0        0x4 ../../bsp/mpsoc_hello_mpsoc_4//libhal_bsp.a(alt_errno.o)
                0x000036b0                alt_errno
 *(.sdata2 .sdata2.* .gnu.linkonce.s2.*)
                0x000036b4                . = ALIGN (0x4)
                0x000036b4                _edata = ABSOLUTE (.)
                0x000036b4                PROVIDE (edata, ABSOLUTE (.))
                0x000036b4                PROVIDE (__ram_rwdata_end, ABSOLUTE (.))
                0x000036b4                PROVIDE (__flash_rwdata_start, LOADADDR (.rwdata))

.bss            0x000037fc       0x10
                0x000037fc                __bss_start = ABSOLUTE (.)
                0x000037fc                PROVIDE (__sbss_start, ABSOLUTE (.))
                0x000037fc                PROVIDE (___sbss_start, ABSOLUTE (.))
 *(.dynsbss)
 *(.sbss .sbss.* .gnu.linkonce.sb.*)
 .sbss          0x000037fc        0x4 /opt/altera/13.0sp1/nios2eds/bin/gnu/H-i686-pc-linux-gnu/bin/../lib/gcc/nios2-elf/4.1.2/../../../../nios2-elf/lib/mno-hw-mul/libsmallc.a(lib_a-int_errno.o)
                0x000037fc                errno
 .sbss          0x00003800        0xc ../../bsp/mpsoc_hello_mpsoc_4//libhal_bsp.a(alt_main.o)
                0x00003800                alt_argc
                0x00003804                alt_argv
                0x00003808                alt_envp
 *(.sbss2 .sbss2.* .gnu.linkonce.sb2.*)
 *(.scommon)
                0x0000380c                PROVIDE (__sbss_end, ABSOLUTE (.))
                0x0000380c                PROVIDE (___sbss_end, ABSOLUTE (.))
 *(.dynbss)
 *(.bss .bss.* .gnu.linkonce.b.*)
 .bss           0x0000380c        0x0 ../../bsp/mpsoc_hello_mpsoc_4//obj/HAL/src/crt0.o
 .bss           0x0000380c        0x0 obj/default/src_4/cpu_4.o
 .bss           0x0000380c        0x0 /opt/altera/13.0sp1/nios2eds/bin/gnu/H-i686-pc-linux-gnu/bin/../lib/gcc/nios2-elf/4.1.2/mno-hw-mul/libgcc.a(lib2-mul.o)
 .bss           0x0000380c        0x0 /opt/altera/13.0sp1/nios2eds/bin/gnu/H-i686-pc-linux-gnu/bin/../lib/gcc/nios2-elf/4.1.2/../../../../nios2-elf/lib/mno-hw-mul/libsmallc.a(lib_a-memcpy.o)
 .bss           0x0000380c        0x0 /opt/altera/13.0sp1/nios2eds/bin/gnu/H-i686-pc-linux-gnu/bin/../lib/gcc/nios2-elf/4.1.2/../../../../nios2-elf/lib/mno-hw-mul/libsmallc.a(lib_a-printf.o)
 .bss           0x0000380c        0x0 /opt/altera/13.0sp1/nios2eds/bin/gnu/H-i686-pc-linux-gnu/bin/../lib/gcc/nios2-elf/4.1.2/../../../../nios2-elf/lib/mno-hw-mul/libsmallc.a(lib_a-vfprintf.o)
 .bss           0x0000380c        0x0 /opt/altera/13.0sp1/nios2eds/bin/gnu/H-i686-pc-linux-gnu/bin/../lib/gcc/nios2-elf/4.1.2/../../../../nios2-elf/lib/mno-hw-mul/libsmallc.a(lib_a-fvwrite_small_dev.o)
 .bss           0x0000380c        0x0 /opt/altera/13.0sp1/nios2eds/bin/gnu/H-i686-pc-linux-gnu/bin/../lib/gcc/nios2-elf/4.1.2/../../../../nios2-elf/lib/mno-hw-mul/libsmallc.a(lib_a-impure.o)
 .bss           0x0000380c        0x0 /opt/altera/13.0sp1/nios2eds/bin/gnu/H-i686-pc-linux-gnu/bin/../lib/gcc/nios2-elf/4.1.2/../../../../nios2-elf/lib/mno-hw-mul/libsmallc.a(lib_a-strlen.o)
 .bss           0x0000380c        0x0 /opt/altera/13.0sp1/nios2eds/bin/gnu/H-i686-pc-linux-gnu/bin/../lib/gcc/nios2-elf/4.1.2/../../../../nios2-elf/lib/mno-hw-mul/libsmallc.a(lib_a-writer.o)
 .bss           0x0000380c        0x0 /opt/altera/13.0sp1/nios2eds/bin/gnu/H-i686-pc-linux-gnu/bin/../lib/gcc/nios2-elf/4.1.2/../../../../nios2-elf/lib/mno-hw-mul/libsmallc.a(lib_a-int_errno.o)
 .bss           0x0000380c        0x0 /opt/altera/13.0sp1/nios2eds/bin/gnu/H-i686-pc-linux-gnu/bin/../lib/gcc/nios2-elf/4.1.2/mno-hw-mul/libgcc.a(lib2-divmod.o)
 .bss           0x0000380c        0x0 ../../bsp/mpsoc_hello_mpsoc_4//libhal_bsp.a(alt_load.o)
 .bss           0x0000380c        0x0 ../../bsp/mpsoc_hello_mpsoc_4//libhal_bsp.a(alt_main.o)
 .bss           0x0000380c        0x0 ../../bsp/mpsoc_hello_mpsoc_4//libhal_bsp.a(alt_printf.o)
 .bss           0x0000380c        0x0 ../../bsp/mpsoc_hello_mpsoc_4//libhal_bsp.a(alt_putchar.o)
 .bss           0x0000380c        0x0 ../../bsp/mpsoc_hello_mpsoc_4//libhal_bsp.a(alt_write.o)
 .bss           0x0000380c        0x0 ../../bsp/mpsoc_hello_mpsoc_4//libhal_bsp.a(alt_sys_init.o)
 .bss           0x0000380c        0x0 ../../bsp/mpsoc_hello_mpsoc_4//libhal_bsp.a(altera_avalon_jtag_uart_write.o)
 .bss           0x0000380c        0x0 ../../bsp/mpsoc_hello_mpsoc_4//libhal_bsp.a(altera_avalon_mutex.o)
 .bss           0x0000380c        0x0 ../../bsp/mpsoc_hello_mpsoc_4//libhal_bsp.a(alt_dcache_flush_all.o)
 .bss           0x0000380c        0x0 ../../bsp/mpsoc_hello_mpsoc_4//libhal_bsp.a(alt_dev_llist_insert.o)
 .bss           0x0000380c        0x0 ../../bsp/mpsoc_hello_mpsoc_4//libhal_bsp.a(alt_errno.o)
 .bss           0x0000380c        0x0 ../../bsp/mpsoc_hello_mpsoc_4//libhal_bsp.a(alt_find_dev.o)
 .bss           0x0000380c        0x0 ../../bsp/mpsoc_hello_mpsoc_4//libhal_bsp.a(alt_icache_flush_all.o)
 .bss           0x0000380c        0x0 ../../bsp/mpsoc_hello_mpsoc_4//libhal_bsp.a(altera_nios2_qsys_irq.o)
 .bss           0x0000380c        0x0 /opt/altera/13.0sp1/nios2eds/bin/gnu/H-i686-pc-linux-gnu/bin/../lib/gcc/nios2-elf/4.1.2/../../../../nios2-elf/lib/mno-hw-mul/libsmallc.a(lib_a-memcmp.o)
 *(COMMON)
                0x0000380c                . = ALIGN (0x4)
                0x0000380c                __bss_end = ABSOLUTE (.)

.onchip_4       0x0000380c        0x0
                0x0000380c                PROVIDE (_alt_partition_onchip_4_start, ABSOLUTE (.))
 *(.onchip_4. onchip_4.*)
                0x0000380c                . = ALIGN (0x4)
                0x0000380c                PROVIDE (_alt_partition_onchip_4_end, ABSOLUTE (.))
                0x0000380c                _end = ABSOLUTE (.)
                0x0000380c                end = ABSOLUTE (.)
                0x0000380c                __alt_stack_base = ABSOLUTE (.)
                0x0000380c                PROVIDE (_alt_partition_onchip_4_load_addr, LOADADDR (.onchip_4))

.shared_onchip  0x00102000        0x0 load address 0x0000380c
                0x00102000                PROVIDE (_alt_partition_shared_onchip_start, ABSOLUTE (.))
 *(.shared_onchip. shared_onchip.*)
                0x00102000                . = ALIGN (0x4)
                0x00102000                PROVIDE (_alt_partition_shared_onchip_end, ABSOLUTE (.))
                0x0000380c                PROVIDE (_alt_partition_shared_onchip_load_addr, LOADADDR (.shared_onchip))

.stab
 *(.stab)

.stabstr
 *(.stabstr)

.stab.excl
 *(.stab.excl)

.stab.exclstr
 *(.stab.exclstr)

.stab.index
 *(.stab.index)

.stab.indexstr
 *(.stab.indexstr)

.comment        0x00000000       0x26
 *(.comment)
 .comment       0x00000000       0x26 obj/default/src_4/cpu_4.o
                                 0x27 (size before relaxing)
 .comment       0x00000000       0x27 /opt/altera/13.0sp1/nios2eds/bin/gnu/H-i686-pc-linux-gnu/bin/../lib/gcc/nios2-elf/4.1.2/mno-hw-mul/libgcc.a(lib2-mul.o)
 .comment       0x00000000       0x27 /opt/altera/13.0sp1/nios2eds/bin/gnu/H-i686-pc-linux-gnu/bin/../lib/gcc/nios2-elf/4.1.2/../../../../nios2-elf/lib/mno-hw-mul/libsmallc.a(lib_a-memcpy.o)
 .comment       0x00000000       0x27 /opt/altera/13.0sp1/nios2eds/bin/gnu/H-i686-pc-linux-gnu/bin/../lib/gcc/nios2-elf/4.1.2/../../../../nios2-elf/lib/mno-hw-mul/libsmallc.a(lib_a-printf.o)
 .comment       0x00000000       0x27 /opt/altera/13.0sp1/nios2eds/bin/gnu/H-i686-pc-linux-gnu/bin/../lib/gcc/nios2-elf/4.1.2/../../../../nios2-elf/lib/mno-hw-mul/libsmallc.a(lib_a-vfprintf.o)
 .comment       0x00000000       0x27 /opt/altera/13.0sp1/nios2eds/bin/gnu/H-i686-pc-linux-gnu/bin/../lib/gcc/nios2-elf/4.1.2/../../../../nios2-elf/lib/mno-hw-mul/libsmallc.a(lib_a-fvwrite_small_dev.o)
 .comment       0x00000000       0x27 /opt/altera/13.0sp1/nios2eds/bin/gnu/H-i686-pc-linux-gnu/bin/../lib/gcc/nios2-elf/4.1.2/../../../../nios2-elf/lib/mno-hw-mul/libsmallc.a(lib_a-impure.o)
 .comment       0x00000000       0x27 /opt/altera/13.0sp1/nios2eds/bin/gnu/H-i686-pc-linux-gnu/bin/../lib/gcc/nios2-elf/4.1.2/../../../../nios2-elf/lib/mno-hw-mul/libsmallc.a(lib_a-strlen.o)
 .comment       0x00000000       0x27 /opt/altera/13.0sp1/nios2eds/bin/gnu/H-i686-pc-linux-gnu/bin/../lib/gcc/nios2-elf/4.1.2/../../../../nios2-elf/lib/mno-hw-mul/libsmallc.a(lib_a-writer.o)
 .comment       0x00000000       0x27 /opt/altera/13.0sp1/nios2eds/bin/gnu/H-i686-pc-linux-gnu/bin/../lib/gcc/nios2-elf/4.1.2/../../../../nios2-elf/lib/mno-hw-mul/libsmallc.a(lib_a-int_errno.o)
 .comment       0x00000000       0x27 /opt/altera/13.0sp1/nios2eds/bin/gnu/H-i686-pc-linux-gnu/bin/../lib/gcc/nios2-elf/4.1.2/mno-hw-mul/libgcc.a(lib2-divmod.o)
 .comment       0x00000000       0x27 ../../bsp/mpsoc_hello_mpsoc_4//libhal_bsp.a(alt_load.o)
 .comment       0x00000000       0x27 ../../bsp/mpsoc_hello_mpsoc_4//libhal_bsp.a(alt_main.o)
 .comment       0x00000000       0x27 ../../bsp/mpsoc_hello_mpsoc_4//libhal_bsp.a(alt_printf.o)
 .comment       0x00000000       0x27 ../../bsp/mpsoc_hello_mpsoc_4//libhal_bsp.a(alt_putchar.o)
 .comment       0x00000000       0x27 ../../bsp/mpsoc_hello_mpsoc_4//libhal_bsp.a(alt_write.o)
 .comment       0x00000000       0x27 ../../bsp/mpsoc_hello_mpsoc_4//libhal_bsp.a(alt_sys_init.o)
 .comment       0x00000000       0x27 ../../bsp/mpsoc_hello_mpsoc_4//libhal_bsp.a(altera_avalon_jtag_uart_write.o)
 .comment       0x00000000       0x27 ../../bsp/mpsoc_hello_mpsoc_4//libhal_bsp.a(altera_avalon_mutex.o)
 .comment       0x00000000       0x27 ../../bsp/mpsoc_hello_mpsoc_4//libhal_bsp.a(alt_dcache_flush_all.o)
 .comment       0x00000000       0x27 ../../bsp/mpsoc_hello_mpsoc_4//libhal_bsp.a(alt_dev_llist_insert.o)
 .comment       0x00000000       0x27 ../../bsp/mpsoc_hello_mpsoc_4//libhal_bsp.a(alt_errno.o)
 .comment       0x00000000       0x27 ../../bsp/mpsoc_hello_mpsoc_4//libhal_bsp.a(alt_find_dev.o)
 .comment       0x00000000       0x27 ../../bsp/mpsoc_hello_mpsoc_4//libhal_bsp.a(alt_icache_flush_all.o)
 .comment       0x00000000       0x27 ../../bsp/mpsoc_hello_mpsoc_4//libhal_bsp.a(altera_nios2_qsys_irq.o)
 .comment       0x00000000       0x27 /opt/altera/13.0sp1/nios2eds/bin/gnu/H-i686-pc-linux-gnu/bin/../lib/gcc/nios2-elf/4.1.2/../../../../nios2-elf/lib/mno-hw-mul/libsmallc.a(lib_a-memcmp.o)

.debug
 *(.debug)

.line
 *(.line)

.debug_srcinfo
 *(.debug_srcinfo)

.debug_sfnames
 *(.debug_sfnames)

.debug_aranges  0x00000000      0x168
 *(.debug_aranges)
 .debug_aranges
                0x00000000       0x28 ../../bsp/mpsoc_hello_mpsoc_4//obj/HAL/src/crt0.o
 .debug_aranges
                0x00000028       0x20 obj/default/src_4/cpu_4.o
 .debug_aranges
                0x00000048       0x20 /opt/altera/13.0sp1/nios2eds/bin/gnu/H-i686-pc-linux-gnu/bin/../lib/gcc/nios2-elf/4.1.2/mno-hw-mul/libgcc.a(lib2-mul.o)
 .debug_aranges
                0x00000068       0x20 /opt/altera/13.0sp1/nios2eds/bin/gnu/H-i686-pc-linux-gnu/bin/../lib/gcc/nios2-elf/4.1.2/../../../../nios2-elf/lib/mno-hw-mul/libsmallc.a(lib_a-memcpy.o)
 .debug_aranges
                0x00000088       0x20 /opt/altera/13.0sp1/nios2eds/bin/gnu/H-i686-pc-linux-gnu/bin/../lib/gcc/nios2-elf/4.1.2/../../../../nios2-elf/lib/mno-hw-mul/libsmallc.a(lib_a-printf.o)
 .debug_aranges
                0x000000a8       0x20 /opt/altera/13.0sp1/nios2eds/bin/gnu/H-i686-pc-linux-gnu/bin/../lib/gcc/nios2-elf/4.1.2/../../../../nios2-elf/lib/mno-hw-mul/libsmallc.a(lib_a-vfprintf.o)
 .debug_aranges
                0x000000c8       0x20 /opt/altera/13.0sp1/nios2eds/bin/gnu/H-i686-pc-linux-gnu/bin/../lib/gcc/nios2-elf/4.1.2/../../../../nios2-elf/lib/mno-hw-mul/libsmallc.a(lib_a-fvwrite_small_dev.o)
 .debug_aranges
                0x000000e8       0x20 /opt/altera/13.0sp1/nios2eds/bin/gnu/H-i686-pc-linux-gnu/bin/../lib/gcc/nios2-elf/4.1.2/../../../../nios2-elf/lib/mno-hw-mul/libsmallc.a(lib_a-strlen.o)
 .debug_aranges
                0x00000108       0x20 /opt/altera/13.0sp1/nios2eds/bin/gnu/H-i686-pc-linux-gnu/bin/../lib/gcc/nios2-elf/4.1.2/../../../../nios2-elf/lib/mno-hw-mul/libsmallc.a(lib_a-writer.o)
 .debug_aranges
                0x00000128       0x20 /opt/altera/13.0sp1/nios2eds/bin/gnu/H-i686-pc-linux-gnu/bin/../lib/gcc/nios2-elf/4.1.2/mno-hw-mul/libgcc.a(lib2-divmod.o)
 .debug_aranges
                0x00000148       0x20 /opt/altera/13.0sp1/nios2eds/bin/gnu/H-i686-pc-linux-gnu/bin/../lib/gcc/nios2-elf/4.1.2/../../../../nios2-elf/lib/mno-hw-mul/libsmallc.a(lib_a-memcmp.o)

.debug_pubnames
                0x00000000      0x1f2
 *(.debug_pubnames)
 .debug_pubnames
                0x00000000       0x25 obj/default/src_4/cpu_4.o
 .debug_pubnames
                0x00000025       0x1f /opt/altera/13.0sp1/nios2eds/bin/gnu/H-i686-pc-linux-gnu/bin/../lib/gcc/nios2-elf/4.1.2/mno-hw-mul/libgcc.a(lib2-mul.o)
 .debug_pubnames
                0x00000044       0x1d /opt/altera/13.0sp1/nios2eds/bin/gnu/H-i686-pc-linux-gnu/bin/../lib/gcc/nios2-elf/4.1.2/../../../../nios2-elf/lib/mno-hw-mul/libsmallc.a(lib_a-memcpy.o)
 .debug_pubnames
                0x00000061       0x2b /opt/altera/13.0sp1/nios2eds/bin/gnu/H-i686-pc-linux-gnu/bin/../lib/gcc/nios2-elf/4.1.2/../../../../nios2-elf/lib/mno-hw-mul/libsmallc.a(lib_a-printf.o)
 .debug_pubnames
                0x0000008c       0x45 /opt/altera/13.0sp1/nios2eds/bin/gnu/H-i686-pc-linux-gnu/bin/../lib/gcc/nios2-elf/4.1.2/../../../../nios2-elf/lib/mno-hw-mul/libsmallc.a(lib_a-vfprintf.o)
 .debug_pubnames
                0x000000d1       0x2b /opt/altera/13.0sp1/nios2eds/bin/gnu/H-i686-pc-linux-gnu/bin/../lib/gcc/nios2-elf/4.1.2/../../../../nios2-elf/lib/mno-hw-mul/libsmallc.a(lib_a-fvwrite_small_dev.o)
 .debug_pubnames
                0x000000fc       0x39 /opt/altera/13.0sp1/nios2eds/bin/gnu/H-i686-pc-linux-gnu/bin/../lib/gcc/nios2-elf/4.1.2/../../../../nios2-elf/lib/mno-hw-mul/libsmallc.a(lib_a-impure.o)
 .debug_pubnames
                0x00000135       0x1d /opt/altera/13.0sp1/nios2eds/bin/gnu/H-i686-pc-linux-gnu/bin/../lib/gcc/nios2-elf/4.1.2/../../../../nios2-elf/lib/mno-hw-mul/libsmallc.a(lib_a-strlen.o)
 .debug_pubnames
                0x00000152       0x1f /opt/altera/13.0sp1/nios2eds/bin/gnu/H-i686-pc-linux-gnu/bin/../lib/gcc/nios2-elf/4.1.2/../../../../nios2-elf/lib/mno-hw-mul/libsmallc.a(lib_a-writer.o)
 .debug_pubnames
                0x00000171       0x1c /opt/altera/13.0sp1/nios2eds/bin/gnu/H-i686-pc-linux-gnu/bin/../lib/gcc/nios2-elf/4.1.2/../../../../nios2-elf/lib/mno-hw-mul/libsmallc.a(lib_a-int_errno.o)
 .debug_pubnames
                0x0000018d       0x48 /opt/altera/13.0sp1/nios2eds/bin/gnu/H-i686-pc-linux-gnu/bin/../lib/gcc/nios2-elf/4.1.2/mno-hw-mul/libgcc.a(lib2-divmod.o)
 .debug_pubnames
                0x000001d5       0x1d /opt/altera/13.0sp1/nios2eds/bin/gnu/H-i686-pc-linux-gnu/bin/../lib/gcc/nios2-elf/4.1.2/../../../../nios2-elf/lib/mno-hw-mul/libsmallc.a(lib_a-memcmp.o)

.debug_info     0x00000000     0x2d81
 *(.debug_info .gnu.linkonce.wi.*)
 .debug_info    0x00000000       0x6c ../../bsp/mpsoc_hello_mpsoc_4//obj/HAL/src/crt0.o
 .debug_info    0x0000006c      0x339 obj/default/src_4/cpu_4.o
 .debug_info    0x000003a5       0xf3 /opt/altera/13.0sp1/nios2eds/bin/gnu/H-i686-pc-linux-gnu/bin/../lib/gcc/nios2-elf/4.1.2/mno-hw-mul/libgcc.a(lib2-mul.o)
 .debug_info    0x00000498       0xc2 /opt/altera/13.0sp1/nios2eds/bin/gnu/H-i686-pc-linux-gnu/bin/../lib/gcc/nios2-elf/4.1.2/../../../../nios2-elf/lib/mno-hw-mul/libsmallc.a(lib_a-memcpy.o)
 .debug_info    0x0000055a      0x6c8 /opt/altera/13.0sp1/nios2eds/bin/gnu/H-i686-pc-linux-gnu/bin/../lib/gcc/nios2-elf/4.1.2/../../../../nios2-elf/lib/mno-hw-mul/libsmallc.a(lib_a-printf.o)
 .debug_info    0x00000c22      0x9b6 /opt/altera/13.0sp1/nios2eds/bin/gnu/H-i686-pc-linux-gnu/bin/../lib/gcc/nios2-elf/4.1.2/../../../../nios2-elf/lib/mno-hw-mul/libsmallc.a(lib_a-vfprintf.o)
 .debug_info    0x000015d8      0x68e /opt/altera/13.0sp1/nios2eds/bin/gnu/H-i686-pc-linux-gnu/bin/../lib/gcc/nios2-elf/4.1.2/../../../../nios2-elf/lib/mno-hw-mul/libsmallc.a(lib_a-fvwrite_small_dev.o)
 .debug_info    0x00001c66      0x636 /opt/altera/13.0sp1/nios2eds/bin/gnu/H-i686-pc-linux-gnu/bin/../lib/gcc/nios2-elf/4.1.2/../../../../nios2-elf/lib/mno-hw-mul/libsmallc.a(lib_a-impure.o)
 .debug_info    0x0000229c       0xc2 /opt/altera/13.0sp1/nios2eds/bin/gnu/H-i686-pc-linux-gnu/bin/../lib/gcc/nios2-elf/4.1.2/../../../../nios2-elf/lib/mno-hw-mul/libsmallc.a(lib_a-strlen.o)
 .debug_info    0x0000235e      0x68c /opt/altera/13.0sp1/nios2eds/bin/gnu/H-i686-pc-linux-gnu/bin/../lib/gcc/nios2-elf/4.1.2/../../../../nios2-elf/lib/mno-hw-mul/libsmallc.a(lib_a-writer.o)
 .debug_info    0x000029ea       0x8c /opt/altera/13.0sp1/nios2eds/bin/gnu/H-i686-pc-linux-gnu/bin/../lib/gcc/nios2-elf/4.1.2/../../../../nios2-elf/lib/mno-hw-mul/libsmallc.a(lib_a-int_errno.o)
 .debug_info    0x00002a76      0x21c /opt/altera/13.0sp1/nios2eds/bin/gnu/H-i686-pc-linux-gnu/bin/../lib/gcc/nios2-elf/4.1.2/mno-hw-mul/libgcc.a(lib2-divmod.o)
 .debug_info    0x00002c92       0xef /opt/altera/13.0sp1/nios2eds/bin/gnu/H-i686-pc-linux-gnu/bin/../lib/gcc/nios2-elf/4.1.2/../../../../nios2-elf/lib/mno-hw-mul/libsmallc.a(lib_a-memcmp.o)

.debug_abbrev   0x00000000      0xc8a
 *(.debug_abbrev)
 .debug_abbrev  0x00000000       0x12 ../../bsp/mpsoc_hello_mpsoc_4//obj/HAL/src/crt0.o
 .debug_abbrev  0x00000012      0x14f obj/default/src_4/cpu_4.o
 .debug_abbrev  0x00000161       0x7b /opt/altera/13.0sp1/nios2eds/bin/gnu/H-i686-pc-linux-gnu/bin/../lib/gcc/nios2-elf/4.1.2/mno-hw-mul/libgcc.a(lib2-mul.o)
 .debug_abbrev  0x000001dc       0x9d /opt/altera/13.0sp1/nios2eds/bin/gnu/H-i686-pc-linux-gnu/bin/../lib/gcc/nios2-elf/4.1.2/../../../../nios2-elf/lib/mno-hw-mul/libsmallc.a(lib_a-memcpy.o)
 .debug_abbrev  0x00000279      0x179 /opt/altera/13.0sp1/nios2eds/bin/gnu/H-i686-pc-linux-gnu/bin/../lib/gcc/nios2-elf/4.1.2/../../../../nios2-elf/lib/mno-hw-mul/libsmallc.a(lib_a-printf.o)
 .debug_abbrev  0x000003f2      0x263 /opt/altera/13.0sp1/nios2eds/bin/gnu/H-i686-pc-linux-gnu/bin/../lib/gcc/nios2-elf/4.1.2/../../../../nios2-elf/lib/mno-hw-mul/libsmallc.a(lib_a-vfprintf.o)
 .debug_abbrev  0x00000655      0x179 /opt/altera/13.0sp1/nios2eds/bin/gnu/H-i686-pc-linux-gnu/bin/../lib/gcc/nios2-elf/4.1.2/../../../../nios2-elf/lib/mno-hw-mul/libsmallc.a(lib_a-fvwrite_small_dev.o)
 .debug_abbrev  0x000007ce      0x13f /opt/altera/13.0sp1/nios2eds/bin/gnu/H-i686-pc-linux-gnu/bin/../lib/gcc/nios2-elf/4.1.2/../../../../nios2-elf/lib/mno-hw-mul/libsmallc.a(lib_a-impure.o)
 .debug_abbrev  0x0000090d       0x7a /opt/altera/13.0sp1/nios2eds/bin/gnu/H-i686-pc-linux-gnu/bin/../lib/gcc/nios2-elf/4.1.2/../../../../nios2-elf/lib/mno-hw-mul/libsmallc.a(lib_a-strlen.o)
 .debug_abbrev  0x00000987      0x16c /opt/altera/13.0sp1/nios2eds/bin/gnu/H-i686-pc-linux-gnu/bin/../lib/gcc/nios2-elf/4.1.2/../../../../nios2-elf/lib/mno-hw-mul/libsmallc.a(lib_a-writer.o)
 .debug_abbrev  0x00000af3       0x3b /opt/altera/13.0sp1/nios2eds/bin/gnu/H-i686-pc-linux-gnu/bin/../lib/gcc/nios2-elf/4.1.2/../../../../nios2-elf/lib/mno-hw-mul/libsmallc.a(lib_a-int_errno.o)
 .debug_abbrev  0x00000b2e       0xe0 /opt/altera/13.0sp1/nios2eds/bin/gnu/H-i686-pc-linux-gnu/bin/../lib/gcc/nios2-elf/4.1.2/mno-hw-mul/libgcc.a(lib2-divmod.o)
 .debug_abbrev  0x00000c0e       0x7c /opt/altera/13.0sp1/nios2eds/bin/gnu/H-i686-pc-linux-gnu/bin/../lib/gcc/nios2-elf/4.1.2/../../../../nios2-elf/lib/mno-hw-mul/libsmallc.a(lib_a-memcmp.o)

.debug_line     0x00000000     0x222c
 *(.debug_line)
 .debug_line    0x00000000       0x66 ../../bsp/mpsoc_hello_mpsoc_4//obj/HAL/src/crt0.o
 .debug_line    0x00000066      0x4ee obj/default/src_4/cpu_4.o
 .debug_line    0x00000554      0x191 /opt/altera/13.0sp1/nios2eds/bin/gnu/H-i686-pc-linux-gnu/bin/../lib/gcc/nios2-elf/4.1.2/mno-hw-mul/libgcc.a(lib2-mul.o)
 .debug_line    0x000006e5      0x145 /opt/altera/13.0sp1/nios2eds/bin/gnu/H-i686-pc-linux-gnu/bin/../lib/gcc/nios2-elf/4.1.2/../../../../nios2-elf/lib/mno-hw-mul/libsmallc.a(lib_a-memcpy.o)
 .debug_line    0x0000082a      0x2be /opt/altera/13.0sp1/nios2eds/bin/gnu/H-i686-pc-linux-gnu/bin/../lib/gcc/nios2-elf/4.1.2/../../../../nios2-elf/lib/mno-hw-mul/libsmallc.a(lib_a-printf.o)
 .debug_line    0x00000ae8      0x666 /opt/altera/13.0sp1/nios2eds/bin/gnu/H-i686-pc-linux-gnu/bin/../lib/gcc/nios2-elf/4.1.2/../../../../nios2-elf/lib/mno-hw-mul/libsmallc.a(lib_a-vfprintf.o)
 .debug_line    0x0000114e      0x2a9 /opt/altera/13.0sp1/nios2eds/bin/gnu/H-i686-pc-linux-gnu/bin/../lib/gcc/nios2-elf/4.1.2/../../../../nios2-elf/lib/mno-hw-mul/libsmallc.a(lib_a-fvwrite_small_dev.o)
 .debug_line    0x000013f7      0x230 /opt/altera/13.0sp1/nios2eds/bin/gnu/H-i686-pc-linux-gnu/bin/../lib/gcc/nios2-elf/4.1.2/../../../../nios2-elf/lib/mno-hw-mul/libsmallc.a(lib_a-impure.o)
 .debug_line    0x00001627      0x250 /opt/altera/13.0sp1/nios2eds/bin/gnu/H-i686-pc-linux-gnu/bin/../lib/gcc/nios2-elf/4.1.2/../../../../nios2-elf/lib/mno-hw-mul/libsmallc.a(lib_a-strlen.o)
 .debug_line    0x00001877      0x29d /opt/altera/13.0sp1/nios2eds/bin/gnu/H-i686-pc-linux-gnu/bin/../lib/gcc/nios2-elf/4.1.2/../../../../nios2-elf/lib/mno-hw-mul/libsmallc.a(lib_a-writer.o)
 .debug_line    0x00001b14      0x1e2 /opt/altera/13.0sp1/nios2eds/bin/gnu/H-i686-pc-linux-gnu/bin/../lib/gcc/nios2-elf/4.1.2/../../../../nios2-elf/lib/mno-hw-mul/libsmallc.a(lib_a-int_errno.o)
 .debug_line    0x00001cf6      0x2c6 /opt/altera/13.0sp1/nios2eds/bin/gnu/H-i686-pc-linux-gnu/bin/../lib/gcc/nios2-elf/4.1.2/mno-hw-mul/libgcc.a(lib2-divmod.o)
 .debug_line    0x00001fbc      0x270 /opt/altera/13.0sp1/nios2eds/bin/gnu/H-i686-pc-linux-gnu/bin/../lib/gcc/nios2-elf/4.1.2/../../../../nios2-elf/lib/mno-hw-mul/libsmallc.a(lib_a-memcmp.o)

.debug_frame    0x00000000      0x250
 *(.debug_frame)
 .debug_frame   0x00000000       0x60 obj/default/src_4/cpu_4.o
 .debug_frame   0x00000060       0x20 /opt/altera/13.0sp1/nios2eds/bin/gnu/H-i686-pc-linux-gnu/bin/../lib/gcc/nios2-elf/4.1.2/mno-hw-mul/libgcc.a(lib2-mul.o)
 .debug_frame   0x00000080       0x20 /opt/altera/13.0sp1/nios2eds/bin/gnu/H-i686-pc-linux-gnu/bin/../lib/gcc/nios2-elf/4.1.2/../../../../nios2-elf/lib/mno-hw-mul/libsmallc.a(lib_a-memcpy.o)
 .debug_frame   0x000000a0       0x40 /opt/altera/13.0sp1/nios2eds/bin/gnu/H-i686-pc-linux-gnu/bin/../lib/gcc/nios2-elf/4.1.2/../../../../nios2-elf/lib/mno-hw-mul/libsmallc.a(lib_a-printf.o)
 .debug_frame   0x000000e0       0x64 /opt/altera/13.0sp1/nios2eds/bin/gnu/H-i686-pc-linux-gnu/bin/../lib/gcc/nios2-elf/4.1.2/../../../../nios2-elf/lib/mno-hw-mul/libsmallc.a(lib_a-vfprintf.o)
 .debug_frame   0x00000144       0x30 /opt/altera/13.0sp1/nios2eds/bin/gnu/H-i686-pc-linux-gnu/bin/../lib/gcc/nios2-elf/4.1.2/../../../../nios2-elf/lib/mno-hw-mul/libsmallc.a(lib_a-fvwrite_small_dev.o)
 .debug_frame   0x00000174       0x20 /opt/altera/13.0sp1/nios2eds/bin/gnu/H-i686-pc-linux-gnu/bin/../lib/gcc/nios2-elf/4.1.2/../../../../nios2-elf/lib/mno-hw-mul/libsmallc.a(lib_a-strlen.o)
 .debug_frame   0x00000194       0x2c /opt/altera/13.0sp1/nios2eds/bin/gnu/H-i686-pc-linux-gnu/bin/../lib/gcc/nios2-elf/4.1.2/../../../../nios2-elf/lib/mno-hw-mul/libsmallc.a(lib_a-writer.o)
 .debug_frame   0x000001c0       0x70 /opt/altera/13.0sp1/nios2eds/bin/gnu/H-i686-pc-linux-gnu/bin/../lib/gcc/nios2-elf/4.1.2/mno-hw-mul/libgcc.a(lib2-divmod.o)
 .debug_frame   0x00000230       0x20 /opt/altera/13.0sp1/nios2eds/bin/gnu/H-i686-pc-linux-gnu/bin/../lib/gcc/nios2-elf/4.1.2/../../../../nios2-elf/lib/mno-hw-mul/libsmallc.a(lib_a-memcmp.o)

.debug_str      0x00000000      0xb30
 *(.debug_str)
 .debug_str     0x00000000      0x152 obj/default/src_4/cpu_4.o
                                0x19c (size before relaxing)
 .debug_str     0x00000152       0xd1 /opt/altera/13.0sp1/nios2eds/bin/gnu/H-i686-pc-linux-gnu/bin/../lib/gcc/nios2-elf/4.1.2/mno-hw-mul/libgcc.a(lib2-mul.o)
                                0x17a (size before relaxing)
 .debug_str     0x00000223       0xfb /opt/altera/13.0sp1/nios2eds/bin/gnu/H-i686-pc-linux-gnu/bin/../lib/gcc/nios2-elf/4.1.2/../../../../nios2-elf/lib/mno-hw-mul/libsmallc.a(lib_a-memcpy.o)
                                0x12e (size before relaxing)
 .debug_str     0x0000031e      0x3a8 /opt/altera/13.0sp1/nios2eds/bin/gnu/H-i686-pc-linux-gnu/bin/../lib/gcc/nios2-elf/4.1.2/../../../../nios2-elf/lib/mno-hw-mul/libsmallc.a(lib_a-printf.o)
                                0x46b (size before relaxing)
 .debug_str     0x000006c6      0x168 /opt/altera/13.0sp1/nios2eds/bin/gnu/H-i686-pc-linux-gnu/bin/../lib/gcc/nios2-elf/4.1.2/../../../../nios2-elf/lib/mno-hw-mul/libsmallc.a(lib_a-vfprintf.o)
                                0x5b4 (size before relaxing)
 .debug_str     0x0000082e       0x70 /opt/altera/13.0sp1/nios2eds/bin/gnu/H-i686-pc-linux-gnu/bin/../lib/gcc/nios2-elf/4.1.2/../../../../nios2-elf/lib/mno-hw-mul/libsmallc.a(lib_a-fvwrite_small_dev.o)
                                0x46f (size before relaxing)
 .debug_str     0x0000089e       0xfd /opt/altera/13.0sp1/nios2eds/bin/gnu/H-i686-pc-linux-gnu/bin/../lib/gcc/nios2-elf/4.1.2/../../../../nios2-elf/lib/mno-hw-mul/libsmallc.a(lib_a-impure.o)
                                0x462 (size before relaxing)
 .debug_str     0x0000099b       0x4b /opt/altera/13.0sp1/nios2eds/bin/gnu/H-i686-pc-linux-gnu/bin/../lib/gcc/nios2-elf/4.1.2/../../../../nios2-elf/lib/mno-hw-mul/libsmallc.a(lib_a-strlen.o)
                                0x189 (size before relaxing)
 .debug_str     0x000009e6       0x4f /opt/altera/13.0sp1/nios2eds/bin/gnu/H-i686-pc-linux-gnu/bin/../lib/gcc/nios2-elf/4.1.2/../../../../nios2-elf/lib/mno-hw-mul/libsmallc.a(lib_a-writer.o)
                                0x456 (size before relaxing)
 .debug_str     0x00000a35       0x40 /opt/altera/13.0sp1/nios2eds/bin/gnu/H-i686-pc-linux-gnu/bin/../lib/gcc/nios2-elf/4.1.2/../../../../nios2-elf/lib/mno-hw-mul/libsmallc.a(lib_a-int_errno.o)
                                0x17c (size before relaxing)
 .debug_str     0x00000a75       0x76 /opt/altera/13.0sp1/nios2eds/bin/gnu/H-i686-pc-linux-gnu/bin/../lib/gcc/nios2-elf/4.1.2/mno-hw-mul/libgcc.a(lib2-divmod.o)
                                0x1b9 (size before relaxing)
 .debug_str     0x00000aeb       0x45 /opt/altera/13.0sp1/nios2eds/bin/gnu/H-i686-pc-linux-gnu/bin/../lib/gcc/nios2-elf/4.1.2/../../../../nios2-elf/lib/mno-hw-mul/libsmallc.a(lib_a-memcmp.o)
                                0x183 (size before relaxing)

.debug_loc      0x00000000      0xfe7
 *(.debug_loc)
 .debug_loc     0x00000000      0x21c obj/default/src_4/cpu_4.o
 .debug_loc     0x0000021c       0x4f /opt/altera/13.0sp1/nios2eds/bin/gnu/H-i686-pc-linux-gnu/bin/../lib/gcc/nios2-elf/4.1.2/mno-hw-mul/libgcc.a(lib2-mul.o)
 .debug_loc     0x0000026b       0x1e /opt/altera/13.0sp1/nios2eds/bin/gnu/H-i686-pc-linux-gnu/bin/../lib/gcc/nios2-elf/4.1.2/../../../../nios2-elf/lib/mno-hw-mul/libsmallc.a(lib_a-memcpy.o)
 .debug_loc     0x00000289       0x8d /opt/altera/13.0sp1/nios2eds/bin/gnu/H-i686-pc-linux-gnu/bin/../lib/gcc/nios2-elf/4.1.2/../../../../nios2-elf/lib/mno-hw-mul/libsmallc.a(lib_a-printf.o)
 .debug_loc     0x00000316      0x878 /opt/altera/13.0sp1/nios2eds/bin/gnu/H-i686-pc-linux-gnu/bin/../lib/gcc/nios2-elf/4.1.2/../../../../nios2-elf/lib/mno-hw-mul/libsmallc.a(lib_a-vfprintf.o)
 .debug_loc     0x00000b8e      0x162 /opt/altera/13.0sp1/nios2eds/bin/gnu/H-i686-pc-linux-gnu/bin/../lib/gcc/nios2-elf/4.1.2/../../../../nios2-elf/lib/mno-hw-mul/libsmallc.a(lib_a-fvwrite_small_dev.o)
 .debug_loc     0x00000cf0       0x1e /opt/altera/13.0sp1/nios2eds/bin/gnu/H-i686-pc-linux-gnu/bin/../lib/gcc/nios2-elf/4.1.2/../../../../nios2-elf/lib/mno-hw-mul/libsmallc.a(lib_a-strlen.o)
 .debug_loc     0x00000d0e       0x97 /opt/altera/13.0sp1/nios2eds/bin/gnu/H-i686-pc-linux-gnu/bin/../lib/gcc/nios2-elf/4.1.2/../../../../nios2-elf/lib/mno-hw-mul/libsmallc.a(lib_a-writer.o)
 .debug_loc     0x00000da5      0x1d2 /opt/altera/13.0sp1/nios2eds/bin/gnu/H-i686-pc-linux-gnu/bin/../lib/gcc/nios2-elf/4.1.2/mno-hw-mul/libgcc.a(lib2-divmod.o)
 .debug_loc     0x00000f77       0x70 /opt/altera/13.0sp1/nios2eds/bin/gnu/H-i686-pc-linux-gnu/bin/../lib/gcc/nios2-elf/4.1.2/../../../../nios2-elf/lib/mno-hw-mul/libsmallc.a(lib_a-memcmp.o)

.debug_macinfo
 *(.debug_macinfo)

.debug_weaknames
 *(.debug_weaknames)

.debug_funcnames
 *(.debug_funcnames)

.debug_typenames
 *(.debug_typenames)

.debug_varnames
 *(.debug_varnames)

.debug_alt_sim_info
                0x00000000       0x10
 *(.debug_alt_sim_info)
 .debug_alt_sim_info
                0x00000000       0x10 ../../bsp/mpsoc_hello_mpsoc_4//obj/HAL/src/crt0.o
                0x00004000                __alt_data_end = 0x4000
                0x00004000                PROVIDE (__alt_stack_pointer, __alt_data_end)
                0x0000380c                PROVIDE (__alt_stack_limit, __alt_stack_base)
                0x0000380c                PROVIDE (__alt_heap_start, end)
                0x00004000                PROVIDE (__alt_heap_limit, 0x4000)
OUTPUT(hello_mpsoc_4.elf elf32-littlenios2)

.debug_ranges   0x00000000      0x160
 .debug_ranges  0x00000000       0x20 ../../bsp/mpsoc_hello_mpsoc_4//obj/HAL/src/crt0.o
 .debug_ranges  0x00000020      0x140 /opt/altera/13.0sp1/nios2eds/bin/gnu/H-i686-pc-linux-gnu/bin/../lib/gcc/nios2-elf/4.1.2/../../../../nios2-elf/lib/mno-hw-mul/libsmallc.a(lib_a-vfprintf.o)
